C:\Users\FrosterOTG\OneDrive - Hochschule Luzern\Module\TA.BA_PAIND+E1.F23\Software_Code\tinyK22\PAIND_Backscattering_Modulator\CMSIS/core_cm4.h:1679:22:__NVIC_EnableIRQ	16	static
C:\Users\FrosterOTG\OneDrive - Hochschule Luzern\Module\TA.BA_PAIND+E1.F23\Software_Code\tinyK22\PAIND_Backscattering_Modulator\CMSIS/core_cm4.h:1809:22:__NVIC_SetPriority	16	static
../source/main.c:59:5:main	24	static
../source/main.c:99:6:init	8	static
../source/main.c:132:6:hamming	136	static
../source/main.c:163:6:interleaving	32	static
../source/main.c:176:6:FTM3_IRQHandler	4	static
