../startup/startup_mk22f51212.c:377:6:data_init	4	static
../startup/startup_mk22f51212.c:386:6:bss_init	0	static
../startup/startup_mk22f51212.c:411:6:ResetISR	0	static
../startup/startup_mk22f51212.c:518:14:NMI_Handler	0	static
../startup/startup_mk22f51212.c:522:14:HardFault_Handler	0	static
../startup/startup_mk22f51212.c:526:14:MemManage_Handler	0	static
../startup/startup_mk22f51212.c:530:14:BusFault_Handler	0	static
../startup/startup_mk22f51212.c:534:14:UsageFault_Handler	0	static
../startup/startup_mk22f51212.c:538:14:SVC_Handler	0	static
../startup/startup_mk22f51212.c:542:14:DebugMon_Handler	0	static
../startup/startup_mk22f51212.c:546:14:PendSV_Handler	0	static
../startup/startup_mk22f51212.c:550:14:SysTick_Handler	0	static
../startup/startup_mk22f51212.c:558:14:IntDefaultHandler	0	static
../startup/startup_mk22f51212.c:568:11:DMA0_IRQHandler	8	static
../startup/startup_mk22f51212.c:572:11:DMA1_IRQHandler	8	static
../startup/startup_mk22f51212.c:576:11:DMA2_IRQHandler	8	static
../startup/startup_mk22f51212.c:580:11:DMA3_IRQHandler	8	static
../startup/startup_mk22f51212.c:584:11:DMA4_IRQHandler	8	static
../startup/startup_mk22f51212.c:588:11:DMA5_IRQHandler	8	static
../startup/startup_mk22f51212.c:592:11:DMA6_IRQHandler	8	static
../startup/startup_mk22f51212.c:596:11:DMA7_IRQHandler	8	static
../startup/startup_mk22f51212.c:600:11:DMA8_IRQHandler	8	static
../startup/startup_mk22f51212.c:604:11:DMA9_IRQHandler	8	static
../startup/startup_mk22f51212.c:608:11:DMA10_IRQHandler	8	static
../startup/startup_mk22f51212.c:612:11:DMA11_IRQHandler	8	static
../startup/startup_mk22f51212.c:616:11:DMA12_IRQHandler	8	static
../startup/startup_mk22f51212.c:620:11:DMA13_IRQHandler	8	static
../startup/startup_mk22f51212.c:624:11:DMA14_IRQHandler	8	static
../startup/startup_mk22f51212.c:628:11:DMA15_IRQHandler	8	static
../startup/startup_mk22f51212.c:632:11:DMA_Error_IRQHandler	8	static
../startup/startup_mk22f51212.c:636:11:MCM_IRQHandler	8	static
../startup/startup_mk22f51212.c:640:11:FTF_IRQHandler	8	static
../startup/startup_mk22f51212.c:644:11:Read_Collision_IRQHandler	8	static
../startup/startup_mk22f51212.c:648:11:LVD_LVW_IRQHandler	8	static
../startup/startup_mk22f51212.c:652:11:LLWU_IRQHandler	8	static
../startup/startup_mk22f51212.c:656:11:WDOG_EWM_IRQHandler	8	static
../startup/startup_mk22f51212.c:660:11:RNG_IRQHandler	8	static
../startup/startup_mk22f51212.c:664:11:I2C0_IRQHandler	8	static
../startup/startup_mk22f51212.c:668:11:I2C1_IRQHandler	8	static
../startup/startup_mk22f51212.c:672:11:SPI0_IRQHandler	8	static
../startup/startup_mk22f51212.c:676:11:SPI1_IRQHandler	8	static
../startup/startup_mk22f51212.c:680:11:I2S0_Tx_IRQHandler	8	static
../startup/startup_mk22f51212.c:684:11:I2S0_Rx_IRQHandler	8	static
../startup/startup_mk22f51212.c:688:11:LPUART0_IRQHandler	8	static
../startup/startup_mk22f51212.c:692:11:UART0_RX_TX_IRQHandler	8	static
../startup/startup_mk22f51212.c:696:11:UART0_ERR_IRQHandler	8	static
../startup/startup_mk22f51212.c:700:11:UART1_RX_TX_IRQHandler	8	static
../startup/startup_mk22f51212.c:704:11:UART1_ERR_IRQHandler	8	static
../startup/startup_mk22f51212.c:708:11:UART2_RX_TX_IRQHandler	8	static
../startup/startup_mk22f51212.c:712:11:UART2_ERR_IRQHandler	8	static
../startup/startup_mk22f51212.c:716:11:Reserved53_IRQHandler	8	static
../startup/startup_mk22f51212.c:720:11:Reserved54_IRQHandler	8	static
../startup/startup_mk22f51212.c:724:11:ADC0_IRQHandler	8	static
../startup/startup_mk22f51212.c:728:11:CMP0_IRQHandler	8	static
../startup/startup_mk22f51212.c:732:11:CMP1_IRQHandler	8	static
../startup/startup_mk22f51212.c:736:11:FTM0_IRQHandler	8	static
../startup/startup_mk22f51212.c:740:11:FTM1_IRQHandler	8	static
../startup/startup_mk22f51212.c:744:11:FTM2_IRQHandler	8	static
../startup/startup_mk22f51212.c:748:11:Reserved61_IRQHandler	8	static
../startup/startup_mk22f51212.c:752:11:RTC_IRQHandler	8	static
../startup/startup_mk22f51212.c:756:11:RTC_Seconds_IRQHandler	8	static
../startup/startup_mk22f51212.c:760:11:PIT0_IRQHandler	8	static
../startup/startup_mk22f51212.c:764:11:PIT1_IRQHandler	8	static
../startup/startup_mk22f51212.c:768:11:PIT2_IRQHandler	8	static
../startup/startup_mk22f51212.c:772:11:PIT3_IRQHandler	8	static
../startup/startup_mk22f51212.c:776:11:PDB0_IRQHandler	8	static
../startup/startup_mk22f51212.c:780:11:USB0_IRQHandler	8	static
../startup/startup_mk22f51212.c:784:11:Reserved70_IRQHandler	8	static
../startup/startup_mk22f51212.c:788:11:Reserved71_IRQHandler	8	static
../startup/startup_mk22f51212.c:792:11:DAC0_IRQHandler	8	static
../startup/startup_mk22f51212.c:796:11:MCG_IRQHandler	8	static
../startup/startup_mk22f51212.c:800:11:LPTMR0_IRQHandler	8	static
../startup/startup_mk22f51212.c:804:11:PORTA_IRQHandler	8	static
../startup/startup_mk22f51212.c:808:11:PORTB_IRQHandler	8	static
../startup/startup_mk22f51212.c:812:11:PORTC_IRQHandler	8	static
../startup/startup_mk22f51212.c:816:11:PORTD_IRQHandler	8	static
../startup/startup_mk22f51212.c:820:11:PORTE_IRQHandler	8	static
../startup/startup_mk22f51212.c:824:11:SWI_IRQHandler	8	static
../startup/startup_mk22f51212.c:828:11:Reserved81_IRQHandler	8	static
../startup/startup_mk22f51212.c:832:11:Reserved82_IRQHandler	8	static
../startup/startup_mk22f51212.c:836:11:Reserved83_IRQHandler	8	static
../startup/startup_mk22f51212.c:840:11:Reserved84_IRQHandler	8	static
../startup/startup_mk22f51212.c:844:11:Reserved85_IRQHandler	8	static
../startup/startup_mk22f51212.c:848:11:Reserved86_IRQHandler	8	static
../startup/startup_mk22f51212.c:852:11:FTM3_IRQHandler	8	static
../startup/startup_mk22f51212.c:856:11:DAC1_IRQHandler	8	static
../startup/startup_mk22f51212.c:860:11:ADC1_IRQHandler	8	static
