../drivers/fsl_clock.h:627:20:CLOCK_EnableClock	24	static
../drivers/fsl_clock.h:638:20:CLOCK_DisableClock	24	static
../drivers/fsl_clock.h:659:20:CLOCK_SetEr32kClock	16	static
../drivers/fsl_clock.h:679:20:CLOCK_SetPllFllSelClock	16	static
../drivers/fsl_clock.h:1118:20:OSC_SetExtRefClkConfig	24	static
../drivers/fsl_clock.h:1146:20:OSC_SetCapLoad	24	static
../drivers/fsl_clock.c:190:13:CLOCK_FllStableDelay	16	static
../drivers/fsl_clock.c:210:17:CLOCK_GetMcgExtClkFreq	16	static
../drivers/fsl_clock.c:237:17:CLOCK_GetFllExtRefClkFreq	16	static
../drivers/fsl_clock.c:286:17:CLOCK_GetInternalRefClkSelectFreq	16	static
../drivers/fsl_clock.c:304:17:CLOCK_GetFllRefClkFreq	16	static
../drivers/fsl_clock.c:322:17:CLOCK_GetPll0RefFreq	8	static
../drivers/fsl_clock.c:328:16:CLOCK_GetOscRangeFromFreq	24	static
../drivers/fsl_clock.c:353:10:CLOCK_GetOsc0ErClkUndivFreq	8	static
../drivers/fsl_clock.c:372:10:CLOCK_GetOsc0ErClkDivFreq	16	static
../drivers/fsl_clock.c:395:10:CLOCK_GetEr32kClkFreq	16	static
../drivers/fsl_clock.c:424:10:CLOCK_GetPllFllSelClkFreq	16	static
../drivers/fsl_clock.c:452:10:CLOCK_GetOsc0ErClkFreq	8	static
../drivers/fsl_clock.c:462:10:CLOCK_GetPlatClkFreq	8	static
../drivers/fsl_clock.c:472:10:CLOCK_GetFlashClkFreq	8	static
../drivers/fsl_clock.c:482:10:CLOCK_GetFlexBusClkFreq	8	static
../drivers/fsl_clock.c:492:10:CLOCK_GetBusClkFreq	8	static
../drivers/fsl_clock.c:502:10:CLOCK_GetCoreSysClkFreq	8	static
../drivers/fsl_clock.c:517:10:CLOCK_GetFreq	24	static
../drivers/fsl_clock.c:581:6:CLOCK_SetSimConfig	16	static
../drivers/fsl_clock.c:595:6:CLOCK_EnableUsbfs0Clock	24	static
../drivers/fsl_clock.c:647:10:CLOCK_GetOutClkFreq	16	static
../drivers/fsl_clock.c:683:10:CLOCK_GetFllFreq	24	static
../drivers/fsl_clock.c:723:10:CLOCK_GetInternalRefClkFreq	16	static
../drivers/fsl_clock.c:748:10:CLOCK_GetFixedFreqClkFreq	16	static
../drivers/fsl_clock.c:774:10:CLOCK_GetPll0Freq	24	static
../drivers/fsl_clock.c:819:10:CLOCK_SetExternalRefClkConfig	24	static
../drivers/fsl_clock.c:872:10:CLOCK_SetInternalRefClkConfig	24	static
../drivers/fsl_clock.c:937:10:CLOCK_CalcPllDiv	48	static
../drivers/fsl_clock.c:1048:6:CLOCK_EnablePll0	24	static
../drivers/fsl_clock.c:1075:6:CLOCK_SetOsc0MonitorMode	16	static
../drivers/fsl_clock.c:1105:6:CLOCK_SetRtcOscMonitorMode	24	static
../drivers/fsl_clock.c:1129:6:CLOCK_SetPll0MonitorMode	24	static
../drivers/fsl_clock.c:1185:10:CLOCK_GetStatusFlags	16	static
../drivers/fsl_clock.c:1229:6:CLOCK_ClearStatusFlags	24	static
../drivers/fsl_clock.c:1255:6:CLOCK_InitOsc0	24	static
../drivers/fsl_clock.c:1278:6:CLOCK_DeinitOsc0	4	static
../drivers/fsl_clock.c:1289:6:CLOCK_SetSlowIrcFreq	16	static
../drivers/fsl_clock.c:1299:6:CLOCK_SetFastIrcFreq	16	static
../drivers/fsl_clock.c:1322:10:CLOCK_TrimInternalRefClk	40	static
../drivers/fsl_clock.c:1408:12:CLOCK_GetMode	32	static
../drivers/fsl_clock.c:1526:10:CLOCK_SetFeiMode	24	static
../drivers/fsl_clock.c:1602:10:CLOCK_SetFeeMode	24	static
../drivers/fsl_clock.c:1697:10:CLOCK_SetFbiMode	24	static
../drivers/fsl_clock.c:1777:10:CLOCK_SetFbeMode	24	static
../drivers/fsl_clock.c:1870:10:CLOCK_SetBlpiMode	4	static
../drivers/fsl_clock.c:1894:10:CLOCK_SetBlpeMode	4	static
../drivers/fsl_clock.c:1928:10:CLOCK_SetPbeMode	16	static
../drivers/fsl_clock.c:1981:10:CLOCK_SetPeeMode	4	static
../drivers/fsl_clock.c:2018:10:CLOCK_ExternalModeToFbeModeQuick	4	static
../drivers/fsl_clock.c:2060:10:CLOCK_InternalModeToFbiModeQuick	4	static
../drivers/fsl_clock.c:2095:10:CLOCK_BootToFeiMode	16	static
../drivers/fsl_clock.c:2115:10:CLOCK_BootToFeeMode	24	static
../drivers/fsl_clock.c:2136:10:CLOCK_BootToBlpiMode	16	static
../drivers/fsl_clock.c:2164:10:CLOCK_BootToBlpeMode	16	static
../drivers/fsl_clock.c:2209:10:CLOCK_BootToPeeMode	16	static
../drivers/fsl_clock.c:2269:10:CLOCK_SetMcgConfig	32	static
