Archive member included to satisfy reference by file (symbol)

c:/studium/software/mcuxpressoide_11.5.0_7232/ide/plugins/com.nxp.mcuxpresso.tools.win32_11.5.0.202107051138/tools/bin/../lib/gcc/arm-none-eabi/10.3.1/../../../../arm-none-eabi/lib/thumb/v7e-m+fp/hard\libcr_semihost_nf.a(_cr__main.o)
                              ./startup/startup_mk22f51212.o (__main)
c:/studium/software/mcuxpressoide_11.5.0_7232/ide/plugins/com.nxp.mcuxpresso.tools.win32_11.5.0.202107051138/tools/bin/../lib/gcc/arm-none-eabi/10.3.1/../../../../arm-none-eabi/lib/thumb/v7e-m+fp/hard\libcr_c.a(memcpy.o)
                              ./utilities/fsl_str.o (memcpy)
c:/studium/software/mcuxpressoide_11.5.0_7232/ide/plugins/com.nxp.mcuxpresso.tools.win32_11.5.0.202107051138/tools/bin/../lib/gcc/arm-none-eabi/10.3.1/../../../../arm-none-eabi/lib/thumb/v7e-m+fp/hard\libcr_c.a(memset.o)
                              ./drivers/fsl_adc16.o (memset)
c:/studium/software/mcuxpressoide_11.5.0_7232/ide/plugins/com.nxp.mcuxpresso.tools.win32_11.5.0.202107051138/tools/bin/../lib/gcc/arm-none-eabi/10.3.1/../../../../arm-none-eabi/lib/thumb/v7e-m+fp/hard\libcr_c.a(alloc.o)
                              ./drivers/fsl_common.o (malloc)
c:/studium/software/mcuxpressoide_11.5.0_7232/ide/plugins/com.nxp.mcuxpresso.tools.win32_11.5.0.202107051138/tools/bin/../lib/gcc/arm-none-eabi/10.3.1/../../../../arm-none-eabi/lib/thumb/v7e-m+fp/hard\libcr_c.a(errno.o)
                              ./utilities/fsl_str.o (errno)
c:/studium/software/mcuxpressoide_11.5.0_7232/ide/plugins/com.nxp.mcuxpresso.tools.win32_11.5.0.202107051138/tools/bin/../lib/gcc/arm-none-eabi/10.3.1/../../../../arm-none-eabi/lib/thumb/v7e-m+fp/hard\libcr_c.a(initio.o)
                              c:/studium/software/mcuxpressoide_11.5.0_7232/ide/plugins/com.nxp.mcuxpresso.tools.win32_11.5.0.202107051138/tools/bin/../lib/gcc/arm-none-eabi/10.3.1/../../../../arm-none-eabi/lib/thumb/v7e-m+fp/hard\libcr_semihost_nf.a(_cr__main.o) (_initio)
c:/studium/software/mcuxpressoide_11.5.0_7232/ide/plugins/com.nxp.mcuxpresso.tools.win32_11.5.0.202107051138/tools/bin/../lib/gcc/arm-none-eabi/10.3.1/../../../../arm-none-eabi/lib/thumb/v7e-m+fp/hard\libcr_c.a(printf.o)
                              ./utilities/fsl_assert.o (_printf)
c:/studium/software/mcuxpressoide_11.5.0_7232/ide/plugins/com.nxp.mcuxpresso.tools.win32_11.5.0.202107051138/tools/bin/../lib/gcc/arm-none-eabi/10.3.1/../../../../arm-none-eabi/lib/thumb/v7e-m+fp/hard\libcr_c.a(scanf.o)
                              ./utilities/fsl_str.o (strtoul)
c:/studium/software/mcuxpressoide_11.5.0_7232/ide/plugins/com.nxp.mcuxpresso.tools.win32_11.5.0.202107051138/tools/bin/../lib/gcc/arm-none-eabi/10.3.1/../../../../arm-none-eabi/lib/thumb/v7e-m+fp/hard\libcr_c.a(setvbuf.o)
                              c:/studium/software/mcuxpressoide_11.5.0_7232/ide/plugins/com.nxp.mcuxpresso.tools.win32_11.5.0.202107051138/tools/bin/../lib/gcc/arm-none-eabi/10.3.1/../../../../arm-none-eabi/lib/thumb/v7e-m+fp/hard\libcr_c.a(initio.o) (setvbuf)
c:/studium/software/mcuxpressoide_11.5.0_7232/ide/plugins/com.nxp.mcuxpresso.tools.win32_11.5.0.202107051138/tools/bin/../lib/gcc/arm-none-eabi/10.3.1/../../../../arm-none-eabi/lib/thumb/v7e-m+fp/hard\libcr_c.a(strlen.o)
                              ./utilities/fsl_str.o (strlen)
c:/studium/software/mcuxpressoide_11.5.0_7232/ide/plugins/com.nxp.mcuxpresso.tools.win32_11.5.0.202107051138/tools/bin/../lib/gcc/arm-none-eabi/10.3.1/../../../../arm-none-eabi/lib/thumb/v7e-m+fp/hard\libcr_c.a(ungetc.o)
                              c:/studium/software/mcuxpressoide_11.5.0_7232/ide/plugins/com.nxp.mcuxpresso.tools.win32_11.5.0.202107051138/tools/bin/../lib/gcc/arm-none-eabi/10.3.1/../../../../arm-none-eabi/lib/thumb/v7e-m+fp/hard\libcr_c.a(scanf.o) (ungetc)
c:/studium/software/mcuxpressoide_11.5.0_7232/ide/plugins/com.nxp.mcuxpresso.tools.win32_11.5.0.202107051138/tools/bin/../lib/gcc/arm-none-eabi/10.3.1/../../../../arm-none-eabi/lib/thumb/v7e-m+fp/hard\libcr_c.a(__fillbuf.o)
                              c:/studium/software/mcuxpressoide_11.5.0_7232/ide/plugins/com.nxp.mcuxpresso.tools.win32_11.5.0.202107051138/tools/bin/../lib/gcc/arm-none-eabi/10.3.1/../../../../arm-none-eabi/lib/thumb/v7e-m+fp/hard\libcr_c.a(scanf.o) (__filbuf)
c:/studium/software/mcuxpressoide_11.5.0_7232/ide/plugins/com.nxp.mcuxpresso.tools.win32_11.5.0.202107051138/tools/bin/../lib/gcc/arm-none-eabi/10.3.1/../../../../arm-none-eabi/lib/thumb/v7e-m+fp/hard\libcr_c.a(__init_alloc.o)
                              c:/studium/software/mcuxpressoide_11.5.0_7232/ide/plugins/com.nxp.mcuxpresso.tools.win32_11.5.0.202107051138/tools/bin/../lib/gcc/arm-none-eabi/10.3.1/../../../../arm-none-eabi/lib/thumb/v7e-m+fp/hard\libcr_c.a(alloc.o) (__heaps)
c:/studium/software/mcuxpressoide_11.5.0_7232/ide/plugins/com.nxp.mcuxpresso.tools.win32_11.5.0.202107051138/tools/bin/../lib/gcc/arm-none-eabi/10.3.1/../../../../arm-none-eabi/lib/thumb/v7e-m+fp/hard\libcr_c.a(_cr_sbrk.o)
[...]
Memory Configuration

Name             Origin             Length             Attributes
PROGRAM_FLASH    0x00000000         0x00080000         xr
SRAM_UPPER       0x20000000         0x00010000         xrw
SRAM_LOWER       0x1fff0000         0x00010000         xrw
*default*        0x00000000         0xffffffff

Linker script and memory map

LOAD ./utilities/fsl_assert.o
LOAD ./utilities/fsl_debug_console.o
LOAD ./utilities/fsl_str.o
LOAD ./startup/startup_mk22f51212.o
LOAD ./source/main.o
LOAD ./source/semihost_hardfault.o
LOAD ./drivers/fsl_adc16.o
LOAD ./drivers/fsl_clock.o
LOAD ./drivers/fsl_common.o
LOAD ./drivers/fsl_common_arm.o
LOAD ./drivers/fsl_dspi.o
LOAD ./drivers/fsl_gpio.o
LOAD ./drivers/fsl_i2c.o
LOAD ./drivers/fsl_rtc.o
LOAD ./drivers/fsl_smc.o
LOAD ./drivers/fsl_uart.o
LOAD ./device/system_MK22F51212.o
LOAD ./component/uart/fsl_adapter_uart.o
LOAD ./component/serial_manager/fsl_component_serial_manager.o
LOAD ./component/serial_manager/fsl_component_serial_port_uart.o
LOAD ./component/lists/fsl_component_generic_list.o
LOAD ./board/board.o
LOAD ./board/clock_config.o
LOAD ./board/peripherals.o
LOAD ./board/pin_mux.o
START GROUP
LOAD c:/studium/software/mcuxpressoide_11.5.0_7232/ide/plugins/com.nxp.mcuxpresso.tools.win32_11.5.0.202107051138/tools/bin/../lib/gcc/arm-none-eabi/10.3.1/../../../../arm-none-eabi/lib/thumb/v7e-m+fp/hard\libcr_semihost_nf.a
LOAD c:/studium/software/mcuxpressoide_11.5.0_7232/ide/plugins/com.nxp.mcuxpresso.tools.win32_11.5.0.202107051138/tools/bin/../lib/gcc/arm-none-eabi/10.3.1/../../../../arm-none-eabi/lib/thumb/v7e-m+fp/hard\libcr_c.a
LOAD c:/studium/software/mcuxpressoide_11.5.0_7232/ide/plugins/com.nxp.mcuxpresso.tools.win32_11.5.0.202107051138/tools/bin/../lib/gcc/arm-none-eabi/10.3.1/thumb/v7e-m+fp/hard\libcr_eabihelpers.a
LOAD c:/studium/software/mcuxpressoide_11.5.0_7232/ide/plugins/com.nxp.mcuxpresso.tools.win32_11.5.0.202107051138/tools/bin/../lib/gcc/arm-none-eabi/10.3.1/thumb/v7e-m+fp/hard\libgcc.a
END GROUP
                0x00000000                __base_PROGRAM_FLASH = 0x0
                0x00000000                __base_Flash = 0x0
                0x00080000                __top_PROGRAM_FLASH = 0x80000
                0x00080000                __top_Flash = 0x80000
                0x20000000                __base_SRAM_UPPER = 0x20000000
                0x20000000                __base_RAM = 0x20000000
                0x20010000                __top_SRAM_UPPER = 0x20010000
                0x20010000                __top_RAM = 0x20010000
                0x1fff0000                __base_SRAM_LOWER = 0x1fff0000
                0x1fff0000                __base_RAM2 = 0x1fff0000
                0x20000000                __top_SRAM_LOWER = 0x20000000
                0x20000000                __top_RAM2 = 0x20000000

.text           0x00000000     0x2b64
 FILL mask 0xff
                0x00000000                __vectors_start__ = ABSOLUTE (.)
 *(SORT_BY_ALIGNMENT(.isr_vector))
 .isr_vector    0x00000000      0x168 ./startup/startup_mk22f51212.o
                0x00000000                g_pfnVectors
                0x00000000                __Vectors
                0x00000168                . = ALIGN (0x4)
                0x00000168                __section_table_start = .
                0x00000168                __data_section_table = .
                0x00000168        0x4 LONG 0x2b64 LOADADDR (.data)
                0x0000016c        0x4 LONG 0x20000000 ADDR (.data)
                0x00000170        0x4 LONG 0x8 SIZEOF (.data)
                0x00000174        0x4 LONG 0x2b64 LOADADDR (.data_RAM2)
                0x00000178        0x4 LONG 0x1fff0000 ADDR (.data_RAM2)
                0x0000017c        0x4 LONG 0x0 SIZEOF (.data_RAM2)
                0x00000180                __data_section_table_end = .
                0x00000180                __bss_section_table = .
                0x00000180        0x4 LONG 0x20000008 ADDR (.bss)
                0x00000184        0x4 LONG 0xfc SIZEOF (.bss)
                0x00000188        0x4 LONG 0x1fff0000 ADDR (.bss_RAM2)
                0x0000018c        0x4 LONG 0x0 SIZEOF (.bss_RAM2)
                0x00000190                __bss_section_table_end = .
                0x00000190                __section_table_end = .
 *(SORT_BY_ALIGNMENT(.after_vectors*))
 .after_vectors.reset
                0x00000190       0x4c ./startup/startup_mk22f51212.o
                0x00000190                ResetISR
 .after_vectors.init_data
                0x000001dc       0x1e ./startup/startup_mk22f51212.o
                0x000001dc                data_init
 .after_vectors.init_bss
                0x000001fa       0x12 ./startup/startup_mk22f51212.o
                0x000001fa                bss_init
 .after_vectors
                0x0000020c       0x14 ./startup/startup_mk22f51212.o
                0x0000020c                NMI_Handler
                0x00000210                MemManage_Handler
                0x00000212                BusFault_Handler
                0x00000214                UsageFault_Handler
                0x00000216                SVC_Handler
                0x00000218                DebugMon_Handler
                0x0000021a                PendSV_Handler
                0x0000021c                SysTick_Handler
                0x0000021e                DMA_Error_DriverIRQHandler
                0x0000021e                FTM1_DriverIRQHandler
                0x0000021e                FTM2_DriverIRQHandler
                0x0000021e                PIT2_DriverIRQHandler
                0x0000021e                Reserved82_DriverIRQHandler
                0x0000021e                I2S0_Tx_DriverIRQHandler
                0x0000021e                RTC_Seconds_DriverIRQHandler
                0x0000021e                FTF_DriverIRQHandler
                0x0000021e                DMA6_DriverIRQHandler
                0x0000021e                LLWU_DriverIRQHandler
                0x0000021e                MCM_DriverIRQHandler
                0x0000021e                MCG_DriverIRQHandler
                0x0000021e                DAC1_DriverIRQHandler
                0x0000021e                LPTMR0_DriverIRQHandler
                0x0000021e                CMP1_DriverIRQHandler
                0x0000021e                FTM0_DriverIRQHandler
                0x0000021e                IntDefaultHandler
                0x0000021e                USB0_DriverIRQHandler
                0x0000021e                PORTC_DriverIRQHandler
                0x0000021e                DMA11_DriverIRQHandler
                0x0000021e                DAC0_DriverIRQHandler
                0x0000021e                DMA10_DriverIRQHandler
                0x0000021e                UART2_ERR_DriverIRQHandler
                0x0000021e                LVD_LVW_DriverIRQHandler
                0x0000021e                Reserved84_DriverIRQHandler
                0x0000021e                PIT0_DriverIRQHandler
                0x0000021e                DMA12_DriverIRQHandler
                0x0000021e                DMA5_DriverIRQHandler
                0x0000021e                DMA4_DriverIRQHandler
                0x0000021e                DMA3_DriverIRQHandler
                0x0000021e                Reserved53_DriverIRQHandler
                0x0000021e                DMA8_DriverIRQHandler
                0x0000021e                DMA9_DriverIRQHandler
                0x0000021e                UART0_ERR_DriverIRQHandler
                0x0000021e                Reserved71_DriverIRQHandler
                0x0000021e                ADC1_DriverIRQHandler
                0x0000021e                PORTA_DriverIRQHandler
                0x0000021e                DMA14_DriverIRQHandler
                0x0000021e                PIT3_DriverIRQHandler
                0x0000021e                PIT1_DriverIRQHandler
                0x0000021e                WDOG_EWM_DriverIRQHandler
                0x0000021e                PDB0_DriverIRQHandler
                0x0000021e                Reserved83_DriverIRQHandler
                0x0000021e                Reserved61_DriverIRQHandler
                0x0000021e                RTC_DriverIRQHandler
                0x0000021e                I2S0_Rx_DriverIRQHandler
                0x0000021e                Read_Collision_DriverIRQHandler
                0x0000021e                Reserved54_DriverIRQHandler
                0x0000021e                SWI_DriverIRQHandler
                0x0000021e                PORTB_DriverIRQHandler
                0x0000021e                DMA0_DriverIRQHandler
                0x0000021e                DMA1_DriverIRQHandler
                0x0000021e                DMA13_DriverIRQHandler
                0x0000021e                DMA15_DriverIRQHandler
                0x0000021e                LPUART0_DriverIRQHandler
                0x0000021e                Reserved85_DriverIRQHandler
                0x0000021e                Reserved81_DriverIRQHandler
                0x0000021e                ADC0_DriverIRQHandler
                0x0000021e                CMP0_DriverIRQHandler
                0x0000021e                FTM3_DriverIRQHandler
                0x0000021e                RNG_DriverIRQHandler
                0x0000021e                UART1_ERR_DriverIRQHandler
                0x0000021e                DMA2_DriverIRQHandler
                0x0000021e                PORTD_DriverIRQHandler
                0x0000021e                Reserved70_DriverIRQHandler
                0x0000021e                Reserved86_DriverIRQHandler
                0x0000021e                PORTE_DriverIRQHandler
                0x0000021e                DMA7_DriverIRQHandler
                0x00000400                . = 0x400
 *fill*         0x00000220      0x1e0 ff
                0x00000400                PROVIDE (__FLASH_CONFIG_START__ = .)
 *(SORT_BY_ALIGNMENT(.FlashConfig))
 .FlashConfig   0x00000400       0x10 ./startup/startup_mk22f51212.o
                0x00000400                Flash_Config
                0x00000410                PROVIDE (__FLASH_CONFIG_END__ = .)
                0x00000001                ASSERT (! ((__FLASH_CONFIG_START__ == __FLASH_CONFIG_END__)), Linker Flash Config Support Enabled, but no .FlashConfig section provided within application)
 *(SORT_BY_ALIGNMENT(.text*))
 .text.__assertion_failed
                0x00000410       0x18 ./utilities/fsl_assert.o
                0x00000410                __assertion_failed
 .text.__NVIC_EnableIRQ
                0x00000428       0x3c ./source/main.o
 .text.__NVIC_SetPriority
                0x00000464       0x54 ./source/main.o
 .text.main     0x000004b8       0x88 ./source/main.o
                0x000004b8                main
 .text.init     0x00000540       0xac ./source/main.o
                0x00000540                init
 .text.hamming  0x000005ec      0x38c ./source/main.o
                0x000005ec                hamming
 .text.interleaving
                0x00000978       0x90 ./source/main.o
                0x00000978                interleaving
 .text.FTM3_IRQHandler
                0x00000a08       0xc0 ./source/main.o
                0x00000a08                FTM3_IRQHandler
 .text.CLOCK_SetEr32kClock
                0x00000ac8       0x30 ./drivers/fsl_clock.o
 .text.CLOCK_SetPllFllSelClock
                0x00000af8       0x38 ./drivers/fsl_clock.o
 .text.CLOCK_GetOscRangeFromFreq
                0x00000b30       0x3c ./drivers/fsl_clock.o
 .text.CLOCK_SetSimConfig
                0x00000b6c       0x34 ./drivers/fsl_clock.o
                0x00000b6c                CLOCK_SetSimConfig
 .text.CLOCK_SetExternalRefClkConfig
                0x00000ba0       0x6c ./drivers/fsl_clock.o
                0x00000ba0                CLOCK_SetExternalRefClkConfig
 .text.CLOCK_EnablePll0
                0x00000c0c       0x88 ./drivers/fsl_clock.o
                0x00000c0c                CLOCK_EnablePll0
 .text.CLOCK_InitOsc0
                0x00000c94       0x8c ./drivers/fsl_clock.o
                0x00000c94                CLOCK_InitOsc0
 .text.CLOCK_SetPbeMode
                0x00000d20       0xa8 ./drivers/fsl_clock.o
                0x00000d20                CLOCK_SetPbeMode
 .text.CLOCK_BootToPeeMode
                0x00000dc8       0x64 ./drivers/fsl_clock.o
                0x00000dc8                CLOCK_BootToPeeMode
 .text.DSPI_CommonIRQHandler
                0x00000e2c       0x44 ./drivers/fsl_dspi.o
 .text.SPI0_DriverIRQHandler
                0x00000e70       0x30 ./drivers/fsl_dspi.o
                0x00000e70                SPI0_DriverIRQHandler
 .text.SPI1_DriverIRQHandler
                0x00000ea0       0x30 ./drivers/fsl_dspi.o
                0x00000ea0                SPI1_DriverIRQHandler
 .text.I2C_TransferCommonIRQHandler
                0x00000ed0       0x58 ./drivers/fsl_i2c.o
 .text.I2C0_DriverIRQHandler
                0x00000f28       0x1c ./drivers/fsl_i2c.o
                0x00000f28                I2C0_DriverIRQHandler
 .text.I2C1_DriverIRQHandler
                0x00000f44       0x1c ./drivers/fsl_i2c.o
                0x00000f44                I2C1_DriverIRQHandler
 .text.UART0_DriverIRQHandler
                0x00000f60       0x28 ./drivers/fsl_uart.o
                0x00000f60                UART0_DriverIRQHandler
 .text.UART1_DriverIRQHandler
                0x00000f88       0x28 ./drivers/fsl_uart.o
                0x00000f88                UART1_DriverIRQHandler
 .text.UART2_DriverIRQHandler
                0x00000fb0       0x28 ./drivers/fsl_uart.o
                0x00000fb0                UART2_DriverIRQHandler
 .text.SystemInit
                0x00000fd8       0x3c ./device/system_MK22F51212.o
                0x00000fd8                SystemInit
 .text.CLOCK_SetSimSafeDivs
                0x00001014       0x24 ./board/clock_config.o
 .text.CLOCK_SetXtal0Freq
                0x00001038       0x20 ./board/clock_config.o
 .text.CLOCK_CONFIG_SetFllExtRefDiv
                0x00001058       0x3c ./board/clock_config.o
 .text.BOARD_BootClockRUN
                0x00001094       0x74 ./board/clock_config.o
                0x00001094                BOARD_BootClockRUN
 .text.malloc   0x00001108       0xc8 c:/studium/software/mcuxpressoide_11.5.0_7232/ide/plugins/com.nxp.mcuxpresso.tools.win32_11.5.0.202107051138/tools/bin/../lib/gcc/arm-none-eabi/10.3.1/../../../../arm-none-eabi/lib/thumb/v7e-m+fp/hard\libcr_c.a(alloc.o)
                0x00001108                malloc
 .text._Csys_alloc
                0x000011d0       0x20 c:/studium/software/mcuxpressoide_11.5.0_7232/ide/plugins/com.nxp.mcuxpresso.tools.win32_11.5.0.202107051138/tools/bin/../lib/gcc/arm-none-eabi/10.3.1/../../../../arm-none-eabi/lib/thumb/v7e-m+fp/hard\libcr_c.a(alloc.o)
                0x000011d0                _Csys_alloc
 .text._initio  0x000011f0       0x78 c:/studium/software/mcuxpressoide_11.5.0_7232/ide/plugins/com.nxp.mcuxpresso.tools.win32_11.5.0.202107051138/tools/bin/../lib/gcc/arm-none-eabi/10.3.1/../../../../arm-none-eabi/lib/thumb/v7e-m+fp/hard\libcr_c.a(initio.o)
                0x000011f0                _initio
 .text.__vfprintf
                0x00001268      0xbf8 c:/studium/software/mcuxpressoide_11.5.0_7232/ide/plugins/com.nxp.mcuxpresso.tools.win32_11.5.0.202107051138/tools/bin/../lib/gcc/arm-none-eabi/10.3.1/../../../../arm-none-eabi/lib/thumb/v7e-m+fp/hard\libcr_c.a(printf.o)
                0x00001268                __vfprintf
 .text._vsnprintf
                0x00001e60       0x68 c:/studium/software/mcuxpressoide_11.5.0_7232/ide/plugins/com.nxp.mcuxpresso.tools.win32_11.5.0.202107051138/tools/bin/../lib/gcc/arm-none-eabi/10.3.1/../../../../arm-none-eabi/lib/thumb/v7e-m+fp/hard\libcr_c.a(printf.o)
                0x00001e60                _vsnprintf
 .text._printf  0x00001ec8       0x54 c:/studium/software/mcuxpressoide_11.5.0_7232/ide/plugins/com.nxp.mcuxpresso.tools.win32_11.5.0.202107051138/tools/bin/../lib/gcc/arm-none-eabi/10.3.1/../../../../arm-none-eabi/lib/thumb/v7e-m+fp/hard\libcr_c.a(printf.o)
                0x00001ec8                _printf
 .text._sbrk    0x00001f1c       0x3c c:/studium/software/mcuxpressoide_11.5.0_7232/ide/plugins/com.nxp.mcuxpresso.tools.win32_11.5.0.202107051138/tools/bin/../lib/gcc/arm-none-eabi/10.3.1/../../../../arm-none-eabi/lib/thumb/v7e-m+fp/hard\libcr_c.a(_cr_sbrk.o)
                0x00001f1c                _sbrk
 .text._Cwritebuf
                0x00001f58       0x6c c:/studium/software/mcuxpressoide_11.5.0_7232/ide/plugins/com.nxp.mcuxpresso.tools.win32_11.5.0.202107051138/tools/bin/../lib/gcc/arm-none-eabi/10.3.1/../../../../arm-none-eabi/lib/thumb/v7e-m+fp/hard\libcr_c.a(_writebuf.o)
                0x00001f58                _Cwritebuf
 .text.fflush   0x00001fc4       0x3c c:/studium/software/mcuxpressoide_11.5.0_7232/ide/plugins/com.nxp.mcuxpresso.tools.win32_11.5.0.202107051138/tools/bin/../lib/gcc/arm-none-eabi/10.3.1/../../../../arm-none-eabi/lib/thumb/v7e-m+fp/hard\libcr_c.a(fflush.o)
                0x00001fc4                fflush
 .text.fseek    0x00002000       0xfc c:/studium/software/mcuxpressoide_11.5.0_7232/ide/plugins/com.nxp.mcuxpresso.tools.win32_11.5.0.202107051138/tools/bin/../lib/gcc/arm-none-eabi/10.3.1/../../../../arm-none-eabi/lib/thumb/v7e-m+fp/hard\libcr_c.a(fseek.o)
                0x00002000                fseek
 .text.ftell    0x000020fc       0x44 c:/studium/software/mcuxpressoide_11.5.0_7232/ide/plugins/com.nxp.mcuxpresso.tools.win32_11.5.0.202107051138/tools/bin/../lib/gcc/arm-none-eabi/10.3.1/../../../../arm-none-eabi/lib/thumb/v7e-m+fp/hard\libcr_c.a(ftell.o)
                0x000020fc                ftell
 .text.__check_heap_overflow
                0x00002140       0x18 c:/studium/software/mcuxpressoide_11.5.0_7232/ide/plugins/com.nxp.mcuxpresso.tools.win32_11.5.0.202107051138/tools/bin/../lib/gcc/arm-none-eabi/10.3.1/../../../../arm-none-eabi/lib/thumb/v7e-m+fp/hard\libcr_c.a(_cr_check_heap.o)
                0x00002140                __check_heap_overflow
 .text.__sys_appexit
                0x00002158        0xc c:/studium/software/mcuxpressoide_11.5.0_7232/ide/plugins/com.nxp.mcuxpresso.tools.win32_11.5.0.202107051138/tools/bin/../lib/gcc/arm-none-eabi/10.3.1/../../../../arm-none-eabi/lib/thumb/v7e-m+fp/hard\libcr_semihost_nf.a(__sys_appexit.o)
                0x00002158                __sys_appexit
                0x00002158                __exit
 .text.DMA0_IRQHandler
                0x00002164        0x8 ./startup/startup_mk22f51212.o
                0x00002164                DMA0_IRQHandler
 .text.DMA1_IRQHandler
                0x0000216c        0x8 ./startup/startup_mk22f51212.o
                0x0000216c                DMA1_IRQHandler
 .text.DMA2_IRQHandler
                0x00002174        0x8 ./startup/startup_mk22f51212.o
                0x00002174                DMA2_IRQHandler
 .text.DMA3_IRQHandler
                0x0000217c        0x8 ./startup/startup_mk22f51212.o
                0x0000217c                DMA3_IRQHandler
 .text.DMA4_IRQHandler
                0x00002184        0x8 ./startup/startup_mk22f51212.o
                0x00002184                DMA4_IRQHandler
 .text.DMA5_IRQHandler
                0x0000218c        0x8 ./startup/startup_mk22f51212.o
                0x0000218c                DMA5_IRQHandler
 .text.DMA6_IRQHandler
                0x00002194        0x8 ./startup/startup_mk22f51212.o
                0x00002194                DMA6_IRQHandler
 .text.DMA7_IRQHandler
                0x0000219c        0x8 ./startup/startup_mk22f51212.o
                0x0000219c                DMA7_IRQHandler
 .text.DMA8_IRQHandler
                0x000021a4        0x8 ./startup/startup_mk22f51212.o
                0x000021a4                DMA8_IRQHandler
 .text.DMA9_IRQHandler
                0x000021ac        0x8 ./startup/startup_mk22f51212.o
                0x000021ac                DMA9_IRQHandler
 .text.DMA10_IRQHandler
                0x000021b4        0x8 ./startup/startup_mk22f51212.o
                0x000021b4                DMA10_IRQHandler
 .text.DMA11_IRQHandler
                0x000021bc        0x8 ./startup/startup_mk22f51212.o
                0x000021bc                DMA11_IRQHandler
 .text.DMA12_IRQHandler
                0x000021c4        0x8 ./startup/startup_mk22f51212.o
                0x000021c4                DMA12_IRQHandler
 .text.DMA13_IRQHandler
                0x000021cc        0x8 ./startup/startup_mk22f51212.o
                0x000021cc                DMA13_IRQHandler
 .text.DMA14_IRQHandler
                0x000021d4        0x8 ./startup/startup_mk22f51212.o
                0x000021d4                DMA14_IRQHandler
 .text.DMA15_IRQHandler
                0x000021dc        0x8 ./startup/startup_mk22f51212.o
                0x000021dc                DMA15_IRQHandler
 .text.DMA_Error_IRQHandler
                0x000021e4        0x8 ./startup/startup_mk22f51212.o
                0x000021e4                DMA_Error_IRQHandler
 .text.MCM_IRQHandler
                0x000021ec        0x8 ./startup/startup_mk22f51212.o
                0x000021ec                MCM_IRQHandler
 .text.FTF_IRQHandler
                0x000021f4        0x8 ./startup/startup_mk22f51212.o
                0x000021f4                FTF_IRQHandler
 .text.Read_Collision_IRQHandler
                0x000021fc        0x8 ./startup/startup_mk22f51212.o
                0x000021fc                Read_Collision_IRQHandler
 .text.LVD_LVW_IRQHandler
                0x00002204        0x8 ./startup/startup_mk22f51212.o
                0x00002204                LVD_LVW_IRQHandler
 .text.LLWU_IRQHandler
                0x0000220c        0x8 ./startup/startup_mk22f51212.o
                0x0000220c                LLWU_IRQHandler
 .text.WDOG_EWM_IRQHandler
                0x00002214        0x8 ./startup/startup_mk22f51212.o
                0x00002214                WDOG_EWM_IRQHandler
 .text.RNG_IRQHandler
                0x0000221c        0x8 ./startup/startup_mk22f51212.o
                0x0000221c                RNG_IRQHandler
 .text.I2C0_IRQHandler
                0x00002224        0x8 ./startup/startup_mk22f51212.o
                0x00002224                I2C0_IRQHandler
 .text.I2C1_IRQHandler
                0x0000222c        0x8 ./startup/startup_mk22f51212.o
                0x0000222c                I2C1_IRQHandler
 .text.SPI0_IRQHandler
                0x00002234        0x8 ./startup/startup_mk22f51212.o
                0x00002234                SPI0_IRQHandler
 .text.SPI1_IRQHandler
                0x0000223c        0x8 ./startup/startup_mk22f51212.o
                0x0000223c                SPI1_IRQHandler
 .text.I2S0_Tx_IRQHandler
                0x00002244        0x8 ./startup/startup_mk22f51212.o
                0x00002244                I2S0_Tx_IRQHandler
 .text.I2S0_Rx_IRQHandler
                0x0000224c        0x8 ./startup/startup_mk22f51212.o
                0x0000224c                I2S0_Rx_IRQHandler
 .text.LPUART0_IRQHandler
                0x00002254        0x8 ./startup/startup_mk22f51212.o
                0x00002254                LPUART0_IRQHandler
 .text.UART0_RX_TX_IRQHandler
                0x0000225c        0x8 ./startup/startup_mk22f51212.o
                0x0000225c                UART0_RX_TX_IRQHandler
 .text.UART0_ERR_IRQHandler
                0x00002264        0x8 ./startup/startup_mk22f51212.o
                0x00002264                UART0_ERR_IRQHandler
 .text.UART1_RX_TX_IRQHandler
                0x0000226c        0x8 ./startup/startup_mk22f51212.o
                0x0000226c                UART1_RX_TX_IRQHandler
 .text.UART1_ERR_IRQHandler
                0x00002274        0x8 ./startup/startup_mk22f51212.o
                0x00002274                UART1_ERR_IRQHandler
 .text.UART2_RX_TX_IRQHandler
                0x0000227c        0x8 ./startup/startup_mk22f51212.o
                0x0000227c                UART2_RX_TX_IRQHandler
 .text.UART2_ERR_IRQHandler
                0x00002284        0x8 ./startup/startup_mk22f51212.o
                0x00002284                UART2_ERR_IRQHandler
 .text.Reserved53_IRQHandler
                0x0000228c        0x8 ./startup/startup_mk22f51212.o
                0x0000228c                Reserved53_IRQHandler
 .text.Reserved54_IRQHandler
                0x00002294        0x8 ./startup/startup_mk22f51212.o
                0x00002294                Reserved54_IRQHandler
 .text.ADC0_IRQHandler
                0x0000229c        0x8 ./startup/startup_mk22f51212.o
                0x0000229c                ADC0_IRQHandler
 .text.CMP0_IRQHandler
                0x000022a4        0x8 ./startup/startup_mk22f51212.o
                0x000022a4                CMP0_IRQHandler
 .text.CMP1_IRQHandler
                0x000022ac        0x8 ./startup/startup_mk22f51212.o
                0x000022ac                CMP1_IRQHandler
 .text.FTM0_IRQHandler
                0x000022b4        0x8 ./startup/startup_mk22f51212.o
                0x000022b4                FTM0_IRQHandler
 .text.FTM1_IRQHandler
                0x000022bc        0x8 ./startup/startup_mk22f51212.o
                0x000022bc                FTM1_IRQHandler
 .text.FTM2_IRQHandler
                0x000022c4        0x8 ./startup/startup_mk22f51212.o
                0x000022c4                FTM2_IRQHandler
 .text.Reserved61_IRQHandler
                0x000022cc        0x8 ./startup/startup_mk22f51212.o
                0x000022cc                Reserved61_IRQHandler
 .text.RTC_IRQHandler
                0x000022d4        0x8 ./startup/startup_mk22f51212.o
                0x000022d4                RTC_IRQHandler
 .text.RTC_Seconds_IRQHandler
                0x000022dc        0x8 ./startup/startup_mk22f51212.o
                0x000022dc                RTC_Seconds_IRQHandler
 .text.PIT0_IRQHandler
                0x000022e4        0x8 ./startup/startup_mk22f51212.o
                0x000022e4                PIT0_IRQHandler
 .text.PIT1_IRQHandler
                0x000022ec        0x8 ./startup/startup_mk22f51212.o
                0x000022ec                PIT1_IRQHandler
 .text.PIT2_IRQHandler
                0x000022f4        0x8 ./startup/startup_mk22f51212.o
                0x000022f4                PIT2_IRQHandler
 .text.PIT3_IRQHandler
                0x000022fc        0x8 ./startup/startup_mk22f51212.o
                0x000022fc                PIT3_IRQHandler
 .text.PDB0_IRQHandler
                0x00002304        0x8 ./startup/startup_mk22f51212.o
                0x00002304                PDB0_IRQHandler
 .text.USB0_IRQHandler
                0x0000230c        0x8 ./startup/startup_mk22f51212.o
                0x0000230c                USB0_IRQHandler
 .text.Reserved70_IRQHandler
                0x00002314        0x8 ./startup/startup_mk22f51212.o
                0x00002314                Reserved70_IRQHandler
 .text.Reserved71_IRQHandler
                0x0000231c        0x8 ./startup/startup_mk22f51212.o
                0x0000231c                Reserved71_IRQHandler
 .text.DAC0_IRQHandler
                0x00002324        0x8 ./startup/startup_mk22f51212.o
                0x00002324                DAC0_IRQHandler
 .text.MCG_IRQHandler
                0x0000232c        0x8 ./startup/startup_mk22f51212.o
                0x0000232c                MCG_IRQHandler
 .text.LPTMR0_IRQHandler
                0x00002334        0x8 ./startup/startup_mk22f51212.o
                0x00002334                LPTMR0_IRQHandler
 .text.PORTA_IRQHandler
                0x0000233c        0x8 ./startup/startup_mk22f51212.o
                0x0000233c                PORTA_IRQHandler
 .text.PORTB_IRQHandler
                0x00002344        0x8 ./startup/startup_mk22f51212.o
                0x00002344                PORTB_IRQHandler
 .text.PORTC_IRQHandler
                0x0000234c        0x8 ./startup/startup_mk22f51212.o
                0x0000234c                PORTC_IRQHandler
 .text.PORTD_IRQHandler
                0x00002354        0x8 ./startup/startup_mk22f51212.o
                0x00002354                PORTD_IRQHandler
 .text.PORTE_IRQHandler
                0x0000235c        0x8 ./startup/startup_mk22f51212.o
                0x0000235c                PORTE_IRQHandler
 .text.SWI_IRQHandler
                0x00002364        0x8 ./startup/startup_mk22f51212.o
                0x00002364                SWI_IRQHandler
 .text.Reserved81_IRQHandler
                0x0000236c        0x8 ./startup/startup_mk22f51212.o
                0x0000236c                Reserved81_IRQHandler
 .text.Reserved82_IRQHandler
                0x00002374        0x8 ./startup/startup_mk22f51212.o
                0x00002374                Reserved82_IRQHandler
 .text.Reserved83_IRQHandler
                0x0000237c        0x8 ./startup/startup_mk22f51212.o
                0x0000237c                Reserved83_IRQHandler
 .text.Reserved84_IRQHandler
                0x00002384        0x8 ./startup/startup_mk22f51212.o
                0x00002384                Reserved84_IRQHandler
 .text.Reserved85_IRQHandler
                0x0000238c        0x8 ./startup/startup_mk22f51212.o
                0x0000238c                Reserved85_IRQHandler
 .text.Reserved86_IRQHandler
                0x00002394        0x8 ./startup/startup_mk22f51212.o
                0x00002394                Reserved86_IRQHandler
 .text.DAC1_IRQHandler
                0x0000239c        0x8 ./startup/startup_mk22f51212.o
                0x0000239c                DAC1_IRQHandler
 .text.ADC1_IRQHandler
                0x000023a4        0x8 ./startup/startup_mk22f51212.o
                0x000023a4                ADC1_IRQHandler
 .text.HardFault_Handler
                0x000023ac       0x2c ./source/semihost_hardfault.o
                0x000023ac                HardFault_Handler
 .text.OSC_SetExtRefClkConfig
                0x000023d8       0x40 ./drivers/fsl_clock.o
 .text.OSC_SetCapLoad
                0x00002418       0x34 ./drivers/fsl_clock.o
 .text.DSPI_IsMaster
                0x0000244c       0x26 ./drivers/fsl_dspi.o
 .text.SMC_SetPowerModeHsrun
                0x00002472       0x32 ./drivers/fsl_smc.o
                0x00002472                SMC_SetPowerModeHsrun
 .text.UART0_RX_TX_DriverIRQHandler
                0x000024a4       0x12 ./drivers/fsl_uart.o
                0x000024a4                UART0_RX_TX_DriverIRQHandler
 .text.UART1_RX_TX_DriverIRQHandler
                0x000024b6       0x12 ./drivers/fsl_uart.o
                0x000024b6                UART1_RX_TX_DriverIRQHandler
 .text.UART2_RX_TX_DriverIRQHandler
                0x000024c8       0x12 ./drivers/fsl_uart.o
                0x000024c8                UART2_RX_TX_DriverIRQHandler
 .text.SystemInitHook
                0x000024da        0xe ./device/system_MK22F51212.o
                0x000024da                SystemInitHook
 .text.BOARD_InitDebugConsole
                0x000024e8        0xe ./board/board.o
                0x000024e8                BOARD_InitDebugConsole
 .text.SMC_SetPowerModeProtection
                0x000024f6       0x1e ./board/clock_config.o
 .text.SMC_GetPowerModeState
                0x00002514       0x1a ./board/clock_config.o
 .text.BOARD_InitBootClocks
                0x0000252e        0xc ./board/clock_config.o
                0x0000252e                BOARD_InitBootClocks
 .text.BOARD_InitPeripherals
                0x0000253a        0xe ./board/peripherals.o
                0x0000253a                BOARD_InitPeripherals
 .text.BOARD_InitBootPeripherals
                0x00002548        0xc ./board/peripherals.o
                0x00002548                BOARD_InitBootPeripherals
 .text.BOARD_InitBootPins
                0x00002554        0xc ./board/pin_mux.o
                0x00002554                BOARD_InitBootPins
 .text.BOARD_InitPins
                0x00002560        0xe ./board/pin_mux.o
                0x00002560                BOARD_InitPins
 .text.__main   0x0000256e        0xe c:/studium/software/mcuxpressoide_11.5.0_7232/ide/plugins/com.nxp.mcuxpresso.tools.win32_11.5.0.202107051138/tools/bin/../lib/gcc/arm-none-eabi/10.3.1/../../../../arm-none-eabi/lib/thumb/v7e-m+fp/hard\libcr_semihost_nf.a(_cr__main.o)
                0x0000256e                __CR_SEMIHOST
                0x0000256e                __main
 .text.memset   0x0000257c        0x4 c:/studium/software/mcuxpressoide_11.5.0_7232/ide/plugins/com.nxp.mcuxpresso.tools.win32_11.5.0.202107051138/tools/bin/../lib/gcc/arm-none-eabi/10.3.1/../../../../arm-none-eabi/lib/thumb/v7e-m+fp/hard\libcr_c.a(memset.o)
                0x0000257c                memset
 .text.free     0x00002580       0x30 c:/studium/software/mcuxpressoide_11.5.0_7232/ide/plugins/com.nxp.mcuxpresso.tools.win32_11.5.0.202107051138/tools/bin/../lib/gcc/arm-none-eabi/10.3.1/../../../../arm-none-eabi/lib/thumb/v7e-m+fp/hard\libcr_c.a(alloc.o)
                0x00002580                free
 .text.calloc   0x000025b0       0x54 c:/studium/software/mcuxpressoide_11.5.0_7232/ide/plugins/com.nxp.mcuxpresso.tools.win32_11.5.0.202107051138/tools/bin/../lib/gcc/arm-none-eabi/10.3.1/../../../../arm-none-eabi/lib/thumb/v7e-m+fp/hard\libcr_c.a(alloc.o)
                0x000025b0                calloc
 .text.no_fp_display
                0x00002604        0x4 c:/studium/software/mcuxpressoide_11.5.0_7232/ide/plugins/com.nxp.mcuxpresso.tools.win32_11.5.0.202107051138/tools/bin/../lib/gcc/arm-none-eabi/10.3.1/../../../../arm-none-eabi/lib/thumb/v7e-m+fp/hard\libcr_c.a(printf.o)
 .text.setvbuf  0x00002608       0x3e c:/studium/software/mcuxpressoide_11.5.0_7232/ide/plugins/com.nxp.mcuxpresso.tools.win32_11.5.0.202107051138/tools/bin/../lib/gcc/arm-none-eabi/10.3.1/../../../../arm-none-eabi/lib/thumb/v7e-m+fp/hard\libcr_c.a(setvbuf.o)
                0x00002608                setvbuf
 .text.strlen   0x00002646       0x48 c:/studium/software/mcuxpressoide_11.5.0_7232/ide/plugins/com.nxp.mcuxpresso.tools.win32_11.5.0.202107051138/tools/bin/../lib/gcc/arm-none-eabi/10.3.1/../../../../arm-none-eabi/lib/thumb/v7e-m+fp/hard\libcr_c.a(strlen.o)
                0x00002646                strlen
 .text._deferredlazyseek
                0x0000268e       0x40 c:/studium/software/mcuxpressoide_11.5.0_7232/ide/plugins/com.nxp.mcuxpresso.tools.win32_11.5.0.202107051138/tools/bin/../lib/gcc/arm-none-eabi/10.3.1/../../../../arm-none-eabi/lib/thumb/v7e-m+fp/hard\libcr_c.a(_deferredlazyseek.o)
                0x0000268e                _deferredlazyseek
 .text.__flsbuf
                0x000026ce      0x140 c:/studium/software/mcuxpressoide_11.5.0_7232/ide/plugins/com.nxp.mcuxpresso.tools.win32_11.5.0.202107051138/tools/bin/../lib/gcc/arm-none-eabi/10.3.1/../../../../arm-none-eabi/lib/thumb/v7e-m+fp/hard\libcr_c.a(_deferredlazyseek.o)
                0x000026ce                __flsbuf
 .text._fdopen  0x0000280e       0x68 c:/studium/software/mcuxpressoide_11.5.0_7232/ide/plugins/com.nxp.mcuxpresso.tools.win32_11.5.0.202107051138/tools/bin/../lib/gcc/arm-none-eabi/10.3.1/../../../../arm-none-eabi/lib/thumb/v7e-m+fp/hard\libcr_c.a(_fdopen.o)
                0x0000280e                _fdopen
 .text._fflush  0x00002876       0x52 c:/studium/software/mcuxpressoide_11.5.0_7232/ide/plugins/com.nxp.mcuxpresso.tools.win32_11.5.0.202107051138/tools/bin/../lib/gcc/arm-none-eabi/10.3.1/../../../../arm-none-eabi/lib/thumb/v7e-m+fp/hard\libcr_c.a(_fflush.o)
                0x00002876                _fflush
 .text.fclose   0x000028c8       0x58 c:/studium/software/mcuxpressoide_11.5.0_7232/ide/plugins/com.nxp.mcuxpresso.tools.win32_11.5.0.202107051138/tools/bin/../lib/gcc/arm-none-eabi/10.3.1/../../../../arm-none-eabi/lib/thumb/v7e-m+fp/hard\libcr_c.a(fclose.o)
                0x000028c8                fclose
 .text.remove   0x00002920       0x14 c:/studium/software/mcuxpressoide_11.5.0_7232/ide/plugins/com.nxp.mcuxpresso.tools.win32_11.5.0.202107051138/tools/bin/../lib/gcc/arm-none-eabi/10.3.1/../../../../arm-none-eabi/lib/thumb/v7e-m+fp/hard\libcr_c.a(remove.o)
                0x00002920                remove
 .text._do_fflush
                0x00002934       0x40 c:/studium/software/mcuxpressoide_11.5.0_7232/ide/plugins/com.nxp.mcuxpresso.tools.win32_11.5.0.202107051138/tools/bin/../lib/gcc/arm-none-eabi/10.3.1/../../../../arm-none-eabi/lib/thumb/v7e-m+fp/hard\libcr_c.a(_do_fflush.o)
                0x00002934                _do_fflush
 .text.__aeabi_memset_lowlevel
                0x00002974       0x32 c:/studium/software/mcuxpressoide_11.5.0_7232/ide/plugins/com.nxp.mcuxpresso.tools.win32_11.5.0.202107051138/tools/bin/../lib/gcc/arm-none-eabi/10.3.1/thumb/v7e-m+fp/hard\libcr_eabihelpers.a(memcpy.o)
                0x00002974                __aeabi_lowlevel_memset
 .text.__sys_close
                0x000029a6        0xc c:/studium/software/mcuxpressoide_11.5.0_7232/ide/plugins/com.nxp.mcuxpresso.tools.win32_11.5.0.202107051138/tools/bin/../lib/gcc/arm-none-eabi/10.3.1/../../../../arm-none-eabi/lib/thumb/v7e-m+fp/hard\libcr_semihost_nf.a(__sys_close.o)
                0x000029a6                __sys_close
 .text.__sys_flen
                0x000029b2        0xc c:/studium/software/mcuxpressoide_11.5.0_7232/ide/plugins/com.nxp.mcuxpresso.tools.win32_11.5.0.202107051138/tools/bin/../lib/gcc/arm-none-eabi/10.3.1/../../../../arm-none-eabi/lib/thumb/v7e-m+fp/hard\libcr_semihost_nf.a(__sys_flen.o)
                0x000029b2                __sys_flen
 .text.__sys_istty
                0x000029be        0xc c:/studium/software/mcuxpressoide_11.5.0_7232/ide/plugins/com.nxp.mcuxpresso.tools.win32_11.5.0.202107051138/tools/bin/../lib/gcc/arm-none-eabi/10.3.1/../../../../arm-none-eabi/lib/thumb/v7e-m+fp/hard\libcr_semihost_nf.a(__sys_istty.o)
                0x000029be                __sys_istty
 .text.__sys_remove
                0x000029ca        0xc c:/studium/software/mcuxpressoide_11.5.0_7232/ide/plugins/com.nxp.mcuxpresso.tools.win32_11.5.0.202107051138/tools/bin/../lib/gcc/arm-none-eabi/10.3.1/../../../../arm-none-eabi/lib/thumb/v7e-m+fp/hard\libcr_semihost_nf.a(__sys_remove.o)
                0x000029ca                __sys_remove
 .text.__sys_seek
                0x000029d6        0xc c:/studium/software/mcuxpressoide_11.5.0_7232/ide/plugins/com.nxp.mcuxpresso.tools.win32_11.5.0.202107051138/tools/bin/../lib/gcc/arm-none-eabi/10.3.1/../../../../arm-none-eabi/lib/thumb/v7e-m+fp/hard\libcr_semihost_nf.a(__sys_seek.o)
                0x000029d6                __sys_seek
 .text.__sys_tmpnam
                0x000029e2        0xc c:/studium/software/mcuxpressoide_11.5.0_7232/ide/plugins/com.nxp.mcuxpresso.tools.win32_11.5.0.202107051138/tools/bin/../lib/gcc/arm-none-eabi/10.3.1/../../../../arm-none-eabi/lib/thumb/v7e-m+fp/hard\libcr_semihost_nf.a(__sys_tmpnam.o)
                0x000029e2                __sys_tmpnam
 .text.__sys_write
                0x000029ee        0xc c:/studium/software/mcuxpressoide_11.5.0_7232/ide/plugins/com.nxp.mcuxpresso.tools.win32_11.5.0.202107051138/tools/bin/../lib/gcc/arm-none-eabi/10.3.1/../../../../arm-none-eabi/lib/thumb/v7e-m+fp/hard\libcr_semihost_nf.a(__sys_write.o)
                0x000029ee                __sys_write
 *(SORT_BY_ALIGNMENT(.rodata) SORT_BY_ALIGNMENT(.rodata.*) SORT_BY_ALIGNMENT(.constdata) SORT_BY_ALIGNMENT(.constdata.*))
 *fill*         0x000029fa        0x2 ff
 .rodata.__assertion_failed.str1.4
                0x000029fc       0x14 ./utilities/fsl_assert.o
 .rodata.main.str1.4
                0x00002a10        0xa ./source/main.o
 *fill*         0x00002a1a        0x2 ff
 .rodata.hamming.str1.4
                0x00002a1c       0x22 ./source/main.o
 *fill*         0x00002a3e        0x2 ff
 .rodata.interleaving.str1.4
                0x00002a40        0x3 ./source/main.o
 *fill*         0x00002a43        0x1 ff
 .rodata.CLOCK_EnablePll0.str1.4
                0x00002a44       0x1a ./drivers/fsl_clock.o
 *fill*         0x00002a5e        0x2 ff
 .rodata.CLOCK_SetPbeMode.str1.4
                0x00002a60       0x1a ./drivers/fsl_clock.o
 *fill*         0x00002a7a        0x2 ff
 .rodata.CLOCK_BootToPeeMode.str1.4
                0x00002a7c       0x1a ./drivers/fsl_clock.o
 *fill*         0x00002a96        0x2 ff
 .rodata.SPI0_DriverIRQHandler.str1.4
                0x00002a98       0x2a ./drivers/fsl_dspi.o
 *fill*         0x00002ac2        0x2 ff
 .rodata.SPI1_DriverIRQHandler.str1.4
                0x00002ac4       0x2a ./drivers/fsl_dspi.o
 *fill*         0x00002aee        0x2 ff
 .rodata.mcgConfig_BOARD_BootClockRUN
                0x00002af0        0xb ./board/clock_config.o
                0x00002af0                mcgConfig_BOARD_BootClockRUN
 *fill*         0x00002afb        0x1 ff
 .rodata.simConfig_BOARD_BootClockRUN
                0x00002afc        0x8 ./board/clock_config.o
                0x00002afc                simConfig_BOARD_BootClockRUN
 .rodata.oscConfig_BOARD_BootClockRUN
                0x00002b04        0x8 ./board/clock_config.o
                0x00002b04                oscConfig_BOARD_BootClockRUN
 .rodata.__num_Ciob_streams
                0x00002b0c        0x4 c:/studium/software/mcuxpressoide_11.5.0_7232/ide/plugins/com.nxp.mcuxpresso.tools.win32_11.5.0.202107051138/tools/bin/../lib/gcc/arm-none-eabi/10.3.1/../../../../arm-none-eabi/lib/thumb/v7e-m+fp/hard\libcr_semihost_nf.a(__ciob.o)
                0x00002b0c                __num_Ciob_streams
 .rodata._Csys_alloc.str1.1
                0x00002b10       0x18 c:/studium/software/mcuxpressoide_11.5.0_7232/ide/plugins/com.nxp.mcuxpresso.tools.win32_11.5.0.202107051138/tools/bin/../lib/gcc/arm-none-eabi/10.3.1/../../../../arm-none-eabi/lib/thumb/v7e-m+fp/hard\libcr_c.a(alloc.o)
 .rodata._initio.str1.1
                0x00002b28        0x4 c:/studium/software/mcuxpressoide_11.5.0_7232/ide/plugins/com.nxp.mcuxpresso.tools.win32_11.5.0.202107051138/tools/bin/../lib/gcc/arm-none-eabi/10.3.1/../../../../arm-none-eabi/lib/thumb/v7e-m+fp/hard\libcr_c.a(initio.o)
 .rodata.__vfprintf.str1.1
                0x00002b2c       0x37 c:/studium/software/mcuxpressoide_11.5.0_7232/ide/plugins/com.nxp.mcuxpresso.tools.win32_11.5.0.202107051138/tools/bin/../lib/gcc/arm-none-eabi/10.3.1/../../../../arm-none-eabi/lib/thumb/v7e-m+fp/hard\libcr_c.a(printf.o)
                                 0x38 (size before relaxing)
                0x00002b64                . = ALIGN (0x4)
 *fill*         0x00002b63        0x1 ff

.glue_7         0x00002b64        0x0
 .glue_7        0x00002b64        0x0 linker stubs

.glue_7t        0x00002b64        0x0
 .glue_7t       0x00002b64        0x0 linker stubs

.vfp11_veneer   0x00002b64        0x0
 .vfp11_veneer  0x00002b64        0x0 linker stubs

.v4_bx          0x00002b64        0x0
 .v4_bx         0x00002b64        0x0 linker stubs

.iplt           0x00002b64        0x0
 .iplt          0x00002b64        0x0 ./utilities/fsl_assert.o

.rel.dyn        0x00002b64        0x0
 .rel.iplt      0x00002b64        0x0 ./utilities/fsl_assert.o

.ARM.extab
 *(SORT_BY_ALIGNMENT(.ARM.extab*) SORT_BY_ALIGNMENT(.gnu.linkonce.armextab.*))

.ARM.exidx      0x00002b64        0x0
                0x00002b64                __exidx_start = .
 *(SORT_BY_ALIGNMENT(.ARM.exidx*) SORT_BY_ALIGNMENT(.gnu.linkonce.armexidx.*))
                0x00002b64                __exidx_end = .
                0x00002b64                _etext = .

.m_usb_data
 *(SORT_BY_ALIGNMENT(m_usb_bdt))

.data_RAM2      0x1fff0000        0x0 load address 0x00002b64
 FILL mask 0xff
                [!provide]                PROVIDE (__start_data_RAM2 = .)
                [!provide]                PROVIDE (__start_data_SRAM_LOWER = .)
 *(SORT_BY_ALIGNMENT(.ramfunc.$RAM2))
 *(SORT_BY_ALIGNMENT(.ramfunc.$SRAM_LOWER))
 *(SORT_BY_ALIGNMENT(.data.$RAM2))
 *(SORT_BY_ALIGNMENT(.data.$SRAM_LOWER))
 *(SORT_BY_ALIGNMENT(.data.$RAM2.*))
 *(SORT_BY_ALIGNMENT(.data.$SRAM_LOWER.*))
                0x1fff0000                . = ALIGN (0x4)
                [!provide]                PROVIDE (__end_data_RAM2 = .)
                [!provide]                PROVIDE (__end_data_SRAM_LOWER = .)

.uninit_RESERVED
                0x20000000        0x0
                0x20000000                _start_uninit_RESERVED = .
 *(SORT_BY_ALIGNMENT(.bss.$RESERVED*))
                0x20000000                . = ALIGN (0x4)
                0x20000000                _end_uninit_RESERVED = .

.data           0x20000000        0x8 load address 0x00002b64
 FILL mask 0xff
                0x20000000                _data = .
                [!provide]                PROVIDE (__start_data_RAM = .)
                [!provide]                PROVIDE (__start_data_SRAM_UPPER = .)
 *(SORT_BY_ALIGNMENT(vtable))
 *(SORT_BY_ALIGNMENT(.ramfunc*))
 *(SORT_BY_ALIGNMENT(CodeQuickAccess))
 *(SORT_BY_ALIGNMENT(DataQuickAccess))
 *(SORT_BY_ALIGNMENT(RamFunction))
 *(SORT_BY_ALIGNMENT(.data*))
 .data.SystemCoreClock
                0x20000000        0x4 ./device/system_MK22F51212.o
                0x20000000                SystemCoreClock
 .data.preamble
                0x20000004        0x2 ./source/main.o
                0x20000004                preamble
                0x20000008                . = ALIGN (0x4)
 *fill*         0x20000006        0x2 ff
                0x20000008                _edata = .
                [!provide]                PROVIDE (__end_data_RAM = .)
                [!provide]                PROVIDE (__end_data_SRAM_UPPER = .)

.igot.plt       0x20000008        0x0 load address 0x00002b6c
 .igot.plt      0x20000008        0x0 ./utilities/fsl_assert.o

.bss_RAM2       0x1fff0000        0x0
                [!provide]                PROVIDE (__start_bss_RAM2 = .)
                [!provide]                PROVIDE (__start_bss_SRAM_LOWER = .)
 *(SORT_BY_ALIGNMENT(.bss.$RAM2))
 *(SORT_BY_ALIGNMENT(.bss.$SRAM_LOWER))
 *(SORT_BY_ALIGNMENT(.bss.$RAM2.*))
 *(SORT_BY_ALIGNMENT(.bss.$SRAM_LOWER.*))
                0x1fff0000                . = ALIGN ((. != 0x0)?0x4:0x1)
                [!provide]                PROVIDE (__end_bss_RAM2 = .)
                [!provide]                PROVIDE (__end_bss_SRAM_LOWER = .)

.bss            0x20000008       0xfc
                0x20000008                _bss = .
                [!provide]                PROVIDE (__start_bss_RAM = .)
                [!provide]                PROVIDE (__start_bss_SRAM_UPPER = .)
 *(SORT_BY_ALIGNMENT(.bss*))
 .bss.result    0x20000008        0x4 ./source/main.o
                0x20000008                result
 .bss.g_xtal0Freq
                0x2000000c        0x4 ./drivers/fsl_clock.o
                0x2000000c                g_xtal0Freq
 .bss.g_dspiHandle
                0x20000010        0x8 ./drivers/fsl_dspi.o
 .bss.s_dspiMasterIsr
                0x20000018        0x4 ./drivers/fsl_dspi.o
 .bss.s_dspiSlaveIsr
                0x2000001c        0x4 ./drivers/fsl_dspi.o
 .bss.s_i2cHandle
                0x20000020        0x8 ./drivers/fsl_i2c.o
 .bss.s_i2cMasterIsr
                0x20000028        0x4 ./drivers/fsl_i2c.o
 .bss.s_i2cSlaveIsr
                0x2000002c        0x4 ./drivers/fsl_i2c.o
 .bss.s_uartHandle
                0x20000030        0xc ./drivers/fsl_uart.o
                0x20000030                s_uartHandle
 .bss.s_uartIsr
                0x2000003c        0x4 ./drivers/fsl_uart.o
                0x2000003c                s_uartIsr
 .bss.errno     0x20000040        0x4 c:/studium/software/mcuxpressoide_11.5.0_7232/ide/plugins/com.nxp.mcuxpresso.tools.win32_11.5.0.202107051138/tools/bin/../lib/gcc/arm-none-eabi/10.3.1/../../../../arm-none-eabi/lib/thumb/v7e-m+fp/hard\libcr_c.a(errno.o)
                0x20000040                errno
 .bss.__end_of_heap
                0x20000044        0x4 c:/studium/software/mcuxpressoide_11.5.0_7232/ide/plugins/com.nxp.mcuxpresso.tools.win32_11.5.0.202107051138/tools/bin/../lib/gcc/arm-none-eabi/10.3.1/../../../../arm-none-eabi/lib/thumb/v7e-m+fp/hard\libcr_c.a(__init_alloc.o)
                0x20000044                __end_of_heap
 .bss.__heaps   0x20000048        0x4 c:/studium/software/mcuxpressoide_11.5.0_7232/ide/plugins/com.nxp.mcuxpresso.tools.win32_11.5.0.202107051138/tools/bin/../lib/gcc/arm-none-eabi/10.3.1/../../../../arm-none-eabi/lib/thumb/v7e-m+fp/hard\libcr_c.a(__init_alloc.o)
                0x20000048                __heaps
 .bss.__Ciob    0x2000004c       0xb4 c:/studium/software/mcuxpressoide_11.5.0_7232/ide/plugins/com.nxp.mcuxpresso.tools.win32_11.5.0.202107051138/tools/bin/../lib/gcc/arm-none-eabi/10.3.1/../../../../arm-none-eabi/lib/thumb/v7e-m+fp/hard\libcr_semihost_nf.a(__ciob.o)
                0x2000004c                __Ciob
 .bss.dataCounter
                0x20000100        0x2 ./source/main.o
                0x20000100                dataCounter
 .bss.preambleCounter
                0x20000102        0x1 ./source/main.o
                0x20000102                preambleCounter
 .bss.amountOfChars
                0x20000103        0x1 ./source/main.o
                0x20000103                amountOfChars
 *(SORT_BY_ALIGNMENT(COMMON))
                0x20000104                . = ALIGN (0x4)
                0x20000104                _ebss = .
                [!provide]                PROVIDE (__end_bss_RAM = .)
                [!provide]                PROVIDE (__end_bss_SRAM_UPPER = .)
                [!provide]                PROVIDE (end = .)

.noinit_RAM2    0x1fff0000        0x0
                [!provide]                PROVIDE (__start_noinit_RAM2 = .)
                [!provide]                PROVIDE (__start_noinit_SRAM_LOWER = .)
 *(SORT_BY_ALIGNMENT(.noinit.$RAM2))
 *(SORT_BY_ALIGNMENT(.noinit.$SRAM_LOWER))
 *(SORT_BY_ALIGNMENT(.noinit.$RAM2.*))
 *(SORT_BY_ALIGNMENT(.noinit.$SRAM_LOWER.*))
                0x1fff0000                . = ALIGN (0x4)
                [!provide]                PROVIDE (__end_noinit_RAM2 = .)
                [!provide]                PROVIDE (__end_noinit_SRAM_LOWER = .)

.noinit         0x20000104        0x0
                0x20000104                _noinit = .
                [!provide]                PROVIDE (__start_noinit_RAM = .)
                [!provide]                PROVIDE (__start_noinit_SRAM_UPPER = .)
 *(SORT_BY_ALIGNMENT(.noinit*))
                0x20000104                . = ALIGN (0x4)
                0x20000104                _end_noinit = .
                [!provide]                PROVIDE (__end_noinit_RAM = .)
                [!provide]                PROVIDE (__end_noinit_SRAM_UPPER = .)
                0x00001000                _HeapSize = 0x1000

.heap           0x20000104     0x1000
                0x20000104                _pvHeapStart = .
                0x20001104                . = (. + _HeapSize)
 *fill*         0x20000104     0x1000 
                0x20001104                . = ALIGN (0x4)
                0x20001104                _pvHeapLimit = .
                0x00001000                _StackSize = 0x1000

.heap2stackfill
                0x20001104     0x1000
                0x20002104                . = (. + _StackSize)
 *fill*         0x20001104     0x1000 

.stack          0x2000f000        0x0
                0x2000f000                _vStackBase = .
                0x2000f000                . = ALIGN (0x4)
                0x20010000                _vStackTop = (. + _StackSize)
                0x00000000                _image_start = LOADADDR (.text)
                0x00002b6c                _image_end = (LOADADDR (.data) + SIZEOF (.data))
                0x00002b6c                _image_size = (_image_end - _image_start)
OUTPUT(PAIND_Backscattering_Modulator.axf elf32-littlearm)
LOAD linker stubs

.debug_info     0x00000000     0xbb64
 .debug_info    0x00000000       0xaa ./utilities/fsl_assert.o
 .debug_info    0x000000aa      0x856 ./startup/startup_mk22f51212.o
 .debug_info    0x00000900      0xf98 ./source/main.o
 .debug_info    0x00001898       0x3c ./source/semihost_hardfault.o
 .debug_info    0x000018d4     0x21b9 ./drivers/fsl_clock.o
 .debug_info    0x00003a8d     0x2561 ./drivers/fsl_dspi.o
 .debug_info    0x00005fee     0x1e1c ./drivers/fsl_i2c.o
 .debug_info    0x00007e0a      0xb79 ./drivers/fsl_smc.o
 .debug_info    0x00008983     0x1eb1 ./drivers/fsl_uart.o
 .debug_info    0x0000a834      0x63a ./device/system_MK22F51212.o
 .debug_info    0x0000ae6e       0x89 ./board/board.o
 .debug_info    0x0000aef7      0xb45 ./board/clock_config.o
 .debug_info    0x0000ba3c       0x94 ./board/peripherals.o
 .debug_info    0x0000bad0       0x94 ./board/pin_mux.o

.debug_abbrev   0x00000000     0x19db
 .debug_abbrev  0x00000000       0x66 ./utilities/fsl_assert.o
 .debug_abbrev  0x00000066      0x185 ./startup/startup_mk22f51212.o
 .debug_abbrev  0x000001eb      0x219 ./source/main.o
 .debug_abbrev  0x00000404       0x31 ./source/semihost_hardfault.o
 .debug_abbrev  0x00000435      0x359 ./drivers/fsl_clock.o
 .debug_abbrev  0x0000078e      0x381 ./drivers/fsl_dspi.o
 .debug_abbrev  0x00000b0f      0x363 ./drivers/fsl_i2c.o
 .debug_abbrev  0x00000e72      0x312 ./drivers/fsl_smc.o
 .debug_abbrev  0x00001184      0x42e ./drivers/fsl_uart.o
 .debug_abbrev  0x000015b2      0x148 ./device/system_MK22F51212.o
 .debug_abbrev  0x000016fa       0x47 ./board/board.o
 .debug_abbrev  0x00001741      0x1d8 ./board/clock_config.o
 .debug_abbrev  0x00001919       0x61 ./board/peripherals.o
 .debug_abbrev  0x0000197a       0x61 ./board/pin_mux.o

.debug_aranges  0x00000000      0xbc0
 .debug_aranges
                0x00000000       0x20 ./utilities/fsl_assert.o
 .debug_aranges
                0x00000020      0x2d0 ./startup/startup_mk22f51212.o
 .debug_aranges
                0x000002f0       0x50 ./source/main.o
 .debug_aranges
                0x00000340       0x20 ./source/semihost_hardfault.o
 .debug_aranges
                0x00000360      0x208 ./drivers/fsl_clock.o
 .debug_aranges
                0x00000568      0x1d0 ./drivers/fsl_dspi.o
 .debug_aranges
                0x00000738      0x178 ./drivers/fsl_i2c.o
 .debug_aranges
                0x000008b0       0x98 ./drivers/fsl_smc.o
 .debug_aranges
                0x00000948      0x188 ./drivers/fsl_uart.o
 .debug_aranges
                0x00000ad0       0x30 ./device/system_MK22F51212.o
 .debug_aranges
                0x00000b00       0x20 ./board/board.o
 .debug_aranges
                0x00000b20       0x50 ./board/clock_config.o
 .debug_aranges
                0x00000b70       0x28 ./board/peripherals.o
 .debug_aranges
                0x00000b98       0x28 ./board/pin_mux.o

.debug_ranges   0x00000000      0xae0
 .debug_ranges  0x00000000       0x10 ./utilities/fsl_assert.o
 .debug_ranges  0x00000010      0x2c0 ./startup/startup_mk22f51212.o
 .debug_ranges  0x000002d0       0x40 ./source/main.o
 .debug_ranges  0x00000310       0x10 ./source/semihost_hardfault.o
 .debug_ranges  0x00000320      0x1f8 ./drivers/fsl_clock.o
 .debug_ranges  0x00000518      0x1c0 ./drivers/fsl_dspi.o
 .debug_ranges  0x000006d8      0x168 ./drivers/fsl_i2c.o
 .debug_ranges  0x00000840       0x88 ./drivers/fsl_smc.o
 .debug_ranges  0x000008c8      0x178 ./drivers/fsl_uart.o
 .debug_ranges  0x00000a40       0x20 ./device/system_MK22F51212.o
 .debug_ranges  0x00000a60       0x10 ./board/board.o
 .debug_ranges  0x00000a70       0x40 ./board/clock_config.o
 .debug_ranges  0x00000ab0       0x18 ./board/peripherals.o
 .debug_ranges  0x00000ac8       0x18 ./board/pin_mux.o

.debug_macro    0x00000000     0xdb66
 .debug_macro   0x00000000      0x15a ./utilities/fsl_assert.o
 .debug_macro   0x0000015a      0xaae ./utilities/fsl_assert.o
 .debug_macro   0x00000c08       0x10 ./utilities/fsl_assert.o
 .debug_macro   0x00000c18       0x1c ./utilities/fsl_assert.o
 .debug_macro   0x00000c34       0x22 ./utilities/fsl_assert.o
 .debug_macro   0x00000c56      0x12e ./utilities/fsl_assert.o
 .debug_macro   0x00000d84      0x5b3 ./utilities/fsl_assert.o
 .debug_macro   0x00001337       0x22 ./utilities/fsl_assert.o
 .debug_macro   0x00001359       0x10 ./utilities/fsl_assert.o
 .debug_macro   0x00001369       0x57 ./utilities/fsl_assert.o
 .debug_macro   0x000013c0       0x1c ./utilities/fsl_assert.o
 .debug_macro   0x000013dc       0x22 ./utilities/fsl_assert.o
 .debug_macro   0x000013fe       0xfb ./utilities/fsl_assert.o
 .debug_macro   0x000014f9      0xeeb ./utilities/fsl_assert.o
 .debug_macro   0x000023e4       0x40 ./utilities/fsl_assert.o
 .debug_macro   0x00002424     0x8fa0 ./utilities/fsl_assert.o
 .debug_macro   0x0000b3c4     0x1287 ./utilities/fsl_assert.o
 .debug_macro   0x0000c64b       0x7a ./utilities/fsl_assert.o
 .debug_macro   0x0000c6c5       0xa8 ./utilities/fsl_assert.o
 .debug_macro   0x0000c76d      0x13c ./utilities/fsl_assert.o
 .debug_macro   0x0000c8a9       0x70 ./utilities/fsl_assert.o
 .debug_macro   0x0000c919       0x46 ./utilities/fsl_assert.o
 .debug_macro   0x0000c95f       0x16 ./utilities/fsl_assert.o
 .debug_macro   0x0000c975       0x66 ./utilities/fsl_assert.o
 .debug_macro   0x0000c9db       0x16 ./utilities/fsl_assert.o
 .debug_macro   0x0000c9f1       0xd2 ./utilities/fsl_assert.o
 .debug_macro   0x0000cac3       0x1c ./utilities/fsl_assert.o
 .debug_macro   0x0000cadf       0x29 ./startup/startup_mk22f51212.o
 .debug_macro   0x0000cb08      0x1a4 ./source/main.o
 .debug_macro   0x0000ccac       0xd8 ./source/main.o
 .debug_macro   0x0000cd84       0x10 ./source/main.o
 .debug_macro   0x0000cd94       0x16 ./source/main.o
 .debug_macro   0x0000cdaa      0x106 ./source/main.o
 .debug_macro   0x0000ceb0       0x2e ./source/main.o
 .debug_macro   0x0000cede       0x11 ./source/semihost_hardfault.o
 .debug_macro   0x0000ceef      0x1d8 ./drivers/fsl_clock.o
 .debug_macro   0x0000d0c7      0x121 ./drivers/fsl_dspi.o
 .debug_macro   0x0000d1e8       0x3a ./drivers/fsl_dspi.o
 .debug_macro   0x0000d222      0x121 ./drivers/fsl_i2c.o
 .debug_macro   0x0000d343       0x1c ./drivers/fsl_i2c.o
 .debug_macro   0x0000d35f      0x122 ./drivers/fsl_smc.o
 .debug_macro   0x0000d481      0x127 ./drivers/fsl_uart.o
 .debug_macro   0x0000d5a8       0x10 ./drivers/fsl_uart.o
 .debug_macro   0x0000d5b8       0x98 ./device/system_MK22F51212.o
 .debug_macro   0x0000d650      0x181 ./board/board.o
 .debug_macro   0x0000d7d1       0x16 ./board/board.o
 .debug_macro   0x0000d7e7      0x153 ./board/clock_config.o
 .debug_macro   0x0000d93a      0x116 ./board/peripherals.o
 .debug_macro   0x0000da50      0x116 ./board/pin_mux.o

.debug_line     0x00000000     0x8fc1
 .debug_line    0x00000000      0x5e8 ./utilities/fsl_assert.o
 .debug_line    0x000005e8      0x7f4 ./startup/startup_mk22f51212.o
 .debug_line    0x00000ddc      0xba6 ./source/main.o
 .debug_line    0x00001982       0x59 ./source/semihost_hardfault.o
 .debug_line    0x000019db     0x15d5 ./drivers/fsl_clock.o
 .debug_line    0x00002fb0     0x1849 ./drivers/fsl_dspi.o
 .debug_line    0x000047f9     0x1448 ./drivers/fsl_i2c.o
 .debug_line    0x00005c41      0x6c2 ./drivers/fsl_smc.o
 .debug_line    0x00006303     0x140f ./drivers/fsl_uart.o
 .debug_line    0x00007712      0x44a ./device/system_MK22F51212.o
 .debug_line    0x00007b5c      0x68b ./board/board.o
 .debug_line    0x000081e7      0x524 ./board/clock_config.o
 .debug_line    0x0000870b      0x460 ./board/peripherals.o
 .debug_line    0x00008b6b      0x456 ./board/pin_mux.o

.debug_str      0x00000000    0x5b6e4
 .debug_str     0x00000000    0x54154 ./utilities/fsl_assert.o
                              0x541f4 (size before relaxing)
 .debug_str     0x00054154      0x708 ./startup/startup_mk22f51212.o
                               0x355f (size before relaxing)
 .debug_str     0x0005485c     0x1a27 ./source/main.o
                              0x55c78 (size before relaxing)
 .debug_str     0x00056283       0x1f ./source/semihost_hardfault.o
                               0x2e0f (size before relaxing)
 .debug_str     0x000562a2     0x1d12 ./drivers/fsl_clock.o
                              0x55c70 (size before relaxing)
 .debug_str     0x00057fb4     0x143c ./drivers/fsl_dspi.o
                              0x55a8e (size before relaxing)
 .debug_str     0x000593f0      0xc66 ./drivers/fsl_i2c.o
                              0x5530d (size before relaxing)
 .debug_str     0x0005a056      0x474 ./drivers/fsl_smc.o
                              0x54319 (size before relaxing)
 .debug_str     0x0005a4ca      0xdbd ./drivers/fsl_uart.o
                              0x554dc (size before relaxing)
 .debug_str     0x0005b287       0xd6 ./device/system_MK22F51212.o
                              0x51ccb (size before relaxing)
 .debug_str     0x0005b35d       0x28 ./board/board.o
                              0x54aad (size before relaxing)
 .debug_str     0x0005b385      0x2e3 ./board/clock_config.o
                              0x54551 (size before relaxing)
 .debug_str     0x0005b668       0x47 ./board/peripherals.o
                              0x534cd (size before relaxing)
 .debug_str     0x0005b6af       0x35 ./board/pin_mux.o
                              0x534b7 (size before relaxing)

.comment        0x00000000       0x49
 .comment       0x00000000       0x49 ./utilities/fsl_assert.o
                                 0x4a (size before relaxing)
 .comment       0x00000049       0x4a ./startup/startup_mk22f51212.o
 .comment       0x00000049       0x4a ./source/main.o
 .comment       0x00000049       0x4a ./source/semihost_hardfault.o
 .comment       0x00000049       0x4a ./drivers/fsl_clock.o
 .comment       0x00000049       0x4a ./drivers/fsl_dspi.o
 .comment       0x00000049       0x4a ./drivers/fsl_i2c.o
 .comment       0x00000049       0x4a ./drivers/fsl_smc.o
 .comment       0x00000049       0x4a ./drivers/fsl_uart.o
 .comment       0x00000049       0x4a ./device/system_MK22F51212.o
 .comment       0x00000049       0x4a ./board/board.o
 .comment       0x00000049       0x4a ./board/clock_config.o
 .comment       0x00000049       0x4a ./board/peripherals.o
 .comment       0x00000049       0x4a ./board/pin_mux.o
 .comment       0x00000049       0x4a c:/studium/software/mcuxpressoide_11.5.0_7232/ide/plugins/com.nxp.mcuxpresso.tools.win32_11.5.0.202107051138/tools/bin/../lib/gcc/arm-none-eabi/10.3.1/../../../../arm-none-eabi/lib/thumb/v7e-m+fp/hard\libcr_semihost_nf.a(_cr__main.o)
 .comment       0x00000049       0x4a c:/studium/software/mcuxpressoide_11.5.0_7232/ide/plugins/com.nxp.mcuxpresso.tools.win32_11.5.0.202107051138/tools/bin/../lib/gcc/arm-none-eabi/10.3.1/../../../../arm-none-eabi/lib/thumb/v7e-m+fp/hard\libcr_c.a(memset.o)
 .comment       0x00000049       0x4a c:/studium/software/mcuxpressoide_11.5.0_7232/ide/plugins/com.nxp.mcuxpresso.tools.win32_11.5.0.202107051138/tools/bin/../lib/gcc/arm-none-eabi/10.3.1/../../../../arm-none-eabi/lib/thumb/v7e-m+fp/hard\libcr_c.a(alloc.o)
 .comment       0x00000049       0x4a c:/studium/software/mcuxpressoide_11.5.0_7232/ide/plugins/com.nxp.mcuxpresso.tools.win32_11.5.0.202107051138/tools/bin/../lib/gcc/arm-none-eabi/10.3.1/../../../../arm-none-eabi/lib/thumb/v7e-m+fp/hard\libcr_c.a(errno.o)
 .comment       0x00000049       0x4a c:/studium/software/mcuxpressoide_11.5.0_7232/ide/plugins/com.nxp.mcuxpresso.tools.win32_11.5.0.202107051138/tools/bin/../lib/gcc/arm-none-eabi/10.3.1/../../../../arm-none-eabi/lib/thumb/v7e-m+fp/hard\libcr_c.a(initio.o)
 .comment       0x00000049       0x4a c:/studium/software/mcuxpressoide_11.5.0_7232/ide/plugins/com.nxp.mcuxpresso.tools.win32_11.5.0.202107051138/tools/bin/../lib/gcc/arm-none-eabi/10.3.1/../../../../arm-none-eabi/lib/thumb/v7e-m+fp/hard\libcr_c.a(printf.o)
 .comment       0x00000049       0x4a c:/studium/software/mcuxpressoide_11.5.0_7232/ide/plugins/com.nxp.mcuxpresso.tools.win32_11.5.0.202107051138/tools/bin/../lib/gcc/arm-none-eabi/10.3.1/../../../../arm-none-eabi/lib/thumb/v7e-m+fp/hard\libcr_c.a(setvbuf.o)
 .comment       0x00000049       0x4a c:/studium/software/mcuxpressoide_11.5.0_7232/ide/plugins/com.nxp.mcuxpresso.tools.win32_11.5.0.202107051138/tools/bin/../lib/gcc/arm-none-eabi/10.3.1/../../../../arm-none-eabi/lib/thumb/v7e-m+fp/hard\libcr_c.a(strlen.o)
 .comment       0x00000049       0x4a c:/studium/software/mcuxpressoide_11.5.0_7232/ide/plugins/com.nxp.mcuxpresso.tools.win32_11.5.0.202107051138/tools/bin/../lib/gcc/arm-none-eabi/10.3.1/../../../../arm-none-eabi/lib/thumb/v7e-m+fp/hard\libcr_c.a(__init_alloc.o)
 .comment       0x00000049       0x4a c:/studium/software/mcuxpressoide_11.5.0_7232/ide/plugins/com.nxp.mcuxpresso.tools.win32_11.5.0.202107051138/tools/bin/../lib/gcc/arm-none-eabi/10.3.1/../../../../arm-none-eabi/lib/thumb/v7e-m+fp/hard\libcr_c.a(_cr_sbrk.o)
 .comment       0x00000049       0x4a c:/studium/software/mcuxpressoide_11.5.0_7232/ide/plugins/com.nxp.mcuxpresso.tools.win32_11.5.0.202107051138/tools/bin/../lib/gcc/arm-none-eabi/10.3.1/../../../../arm-none-eabi/lib/thumb/v7e-m+fp/hard\libcr_c.a(_deferredlazyseek.o)
 .comment       0x00000049       0x4a c:/studium/software/mcuxpressoide_11.5.0_7232/ide/plugins/com.nxp.mcuxpresso.tools.win32_11.5.0.202107051138/tools/bin/../lib/gcc/arm-none-eabi/10.3.1/../../../../arm-none-eabi/lib/thumb/v7e-m+fp/hard\libcr_c.a(_fdopen.o)
 .comment       0x00000049       0x4a c:/studium/software/mcuxpressoide_11.5.0_7232/ide/plugins/com.nxp.mcuxpresso.tools.win32_11.5.0.202107051138/tools/bin/../lib/gcc/arm-none-eabi/10.3.1/../../../../arm-none-eabi/lib/thumb/v7e-m+fp/hard\libcr_c.a(_fflush.o)
 .comment       0x00000049       0x4a c:/studium/software/mcuxpressoide_11.5.0_7232/ide/plugins/com.nxp.mcuxpresso.tools.win32_11.5.0.202107051138/tools/bin/../lib/gcc/arm-none-eabi/10.3.1/../../../../arm-none-eabi/lib/thumb/v7e-m+fp/hard\libcr_c.a(_writebuf.o)
 .comment       0x00000049       0x4a c:/studium/software/mcuxpressoide_11.5.0_7232/ide/plugins/com.nxp.mcuxpresso.tools.win32_11.5.0.202107051138/tools/bin/../lib/gcc/arm-none-eabi/10.3.1/../../../../arm-none-eabi/lib/thumb/v7e-m+fp/hard\libcr_c.a(fclose.o)
 .comment       0x00000049       0x4a c:/studium/software/mcuxpressoide_11.5.0_7232/ide/plugins/com.nxp.mcuxpresso.tools.win32_11.5.0.202107051138/tools/bin/../lib/gcc/arm-none-eabi/10.3.1/../../../../arm-none-eabi/lib/thumb/v7e-m+fp/hard\libcr_c.a(fflush.o)
 .comment       0x00000049       0x4a c:/studium/software/mcuxpressoide_11.5.0_7232/ide/plugins/com.nxp.mcuxpresso.tools.win32_11.5.0.202107051138/tools/bin/../lib/gcc/arm-none-eabi/10.3.1/../../../../arm-none-eabi/lib/thumb/v7e-m+fp/hard\libcr_c.a(fseek.o)
 .comment       0x00000049       0x4a c:/studium/software/mcuxpressoide_11.5.0_7232/ide/plugins/com.nxp.mcuxpresso.tools.win32_11.5.0.202107051138/tools/bin/../lib/gcc/arm-none-eabi/10.3.1/../../../../arm-none-eabi/lib/thumb/v7e-m+fp/hard\libcr_c.a(ftell.o)
 .comment       0x00000049       0x4a c:/studium/software/mcuxpressoide_11.5.0_7232/ide/plugins/com.nxp.mcuxpresso.tools.win32_11.5.0.202107051138/tools/bin/../lib/gcc/arm-none-eabi/10.3.1/../../../../arm-none-eabi/lib/thumb/v7e-m+fp/hard\libcr_c.a(remove.o)
 .comment       0x00000049       0x4a c:/studium/software/mcuxpressoide_11.5.0_7232/ide/plugins/com.nxp.mcuxpresso.tools.win32_11.5.0.202107051138/tools/bin/../lib/gcc/arm-none-eabi/10.3.1/../../../../arm-none-eabi/lib/thumb/v7e-m+fp/hard\libcr_c.a(_cr_check_heap.o)
 .comment       0x00000049       0x4a c:/studium/software/mcuxpressoide_11.5.0_7232/ide/plugins/com.nxp.mcuxpresso.tools.win32_11.5.0.202107051138/tools/bin/../lib/gcc/arm-none-eabi/10.3.1/../../../../arm-none-eabi/lib/thumb/v7e-m+fp/hard\libcr_c.a(_do_fflush.o)
 .comment       0x00000049       0x4a c:/studium/software/mcuxpressoide_11.5.0_7232/ide/plugins/com.nxp.mcuxpresso.tools.win32_11.5.0.202107051138/tools/bin/../lib/gcc/arm-none-eabi/10.3.1/../../../../arm-none-eabi/lib/thumb/v7e-m+fp/hard\libcr_semihost_nf.a(__ciob.o)

.ARM.attributes
                0x00000000       0x32
 .ARM.attributes
                0x00000000       0x34 ./utilities/fsl_assert.o
 .ARM.attributes
                0x00000034       0x34 ./startup/startup_mk22f51212.o
 .ARM.attributes
                0x00000068       0x34 ./source/main.o
 .ARM.attributes
                0x0000009c       0x34 ./source/semihost_hardfault.o
 .ARM.attributes
                0x000000d0       0x34 ./drivers/fsl_clock.o
 .ARM.attributes
                0x00000104       0x34 ./drivers/fsl_dspi.o
 .ARM.attributes
                0x00000138       0x34 ./drivers/fsl_i2c.o
 .ARM.attributes
                0x0000016c       0x34 ./drivers/fsl_smc.o
 .ARM.attributes
                0x000001a0       0x34 ./drivers/fsl_uart.o
 .ARM.attributes
                0x000001d4       0x34 ./device/system_MK22F51212.o
 .ARM.attributes
                0x00000208       0x34 ./board/board.o
 .ARM.attributes
                0x0000023c       0x34 ./board/clock_config.o
 .ARM.attributes
                0x00000270       0x34 ./board/peripherals.o
 .ARM.attributes
                0x000002a4       0x34 ./board/pin_mux.o
 .ARM.attributes
                0x000002d8       0x34 c:/studium/software/mcuxpressoide_11.5.0_7232/ide/plugins/com.nxp.mcuxpresso.tools.win32_11.5.0.202107051138/tools/bin/../lib/gcc/arm-none-eabi/10.3.1/../../../../arm-none-eabi/lib/thumb/v7e-m+fp/hard\libcr_semihost_nf.a(_cr__main.o)
 .ARM.attributes
                0x0000030c       0x34 c:/studium/software/mcuxpressoide_11.5.0_7232/ide/plugins/com.nxp.mcuxpresso.tools.win32_11.5.0.202107051138/tools/bin/../lib/gcc/arm-none-eabi/10.3.1/../../../../arm-none-eabi/lib/thumb/v7e-m+fp/hard\libcr_c.a(memset.o)
 .ARM.attributes
                0x00000340       0x34 c:/studium/software/mcuxpressoide_11.5.0_7232/ide/plugins/com.nxp.mcuxpresso.tools.win32_11.5.0.202107051138/tools/bin/../lib/gcc/arm-none-eabi/10.3.1/../../../../arm-none-eabi/lib/thumb/v7e-m+fp/hard\libcr_c.a(alloc.o)
 .ARM.attributes
                0x00000374       0x39 c:/studium/software/mcuxpressoide_11.5.0_7232/ide/plugins/com.nxp.mcuxpresso.tools.win32_11.5.0.202107051138/tools/bin/../lib/gcc/arm-none-eabi/10.3.1/../../../../arm-none-eabi/lib/thumb/v7e-m+fp/hard\libcr_c.a(errno.o)
 .ARM.attributes
                0x000003ad       0x34 c:/studium/software/mcuxpressoide_11.5.0_7232/ide/plugins/com.nxp.mcuxpresso.tools.win32_11.5.0.202107051138/tools/bin/../lib/gcc/arm-none-eabi/10.3.1/../../../../arm-none-eabi/lib/thumb/v7e-m+fp/hard\libcr_c.a(initio.o)
 .ARM.attributes
                0x000003e1       0x34 c:/studium/software/mcuxpressoide_11.5.0_7232/ide/plugins/com.nxp.mcuxpresso.tools.win32_11.5.0.202107051138/tools/bin/../lib/gcc/arm-none-eabi/10.3.1/../../../../arm-none-eabi/lib/thumb/v7e-m+fp/hard\libcr_c.a(printf.o)
 .ARM.attributes
                0x00000415       0x34 c:/studium/software/mcuxpressoide_11.5.0_7232/ide/plugins/com.nxp.mcuxpresso.tools.win32_11.5.0.202107051138/tools/bin/../lib/gcc/arm-none-eabi/10.3.1/../../../../arm-none-eabi/lib/thumb/v7e-m+fp/hard\libcr_c.a(setvbuf.o)
 .ARM.attributes
                0x00000449       0x34 c:/studium/software/mcuxpressoide_11.5.0_7232/ide/plugins/com.nxp.mcuxpresso.tools.win32_11.5.0.202107051138/tools/bin/../lib/gcc/arm-none-eabi/10.3.1/../../../../arm-none-eabi/lib/thumb/v7e-m+fp/hard\libcr_c.a(strlen.o)
 .ARM.attributes
                0x0000047d       0x34 c:/studium/software/mcuxpressoide_11.5.0_7232/ide/plugins/com.nxp.mcuxpresso.tools.win32_11.5.0.202107051138/tools/bin/../lib/gcc/arm-none-eabi/10.3.1/../../../../arm-none-eabi/lib/thumb/v7e-m+fp/hard\libcr_c.a(__init_alloc.o)
 .ARM.attributes
                0x000004b1       0x34 c:/studium/software/mcuxpressoide_11.5.0_7232/ide/plugins/com.nxp.mcuxpresso.tools.win32_11.5.0.202107051138/tools/bin/../lib/gcc/arm-none-eabi/10.3.1/../../../../arm-none-eabi/lib/thumb/v7e-m+fp/hard\libcr_c.a(_cr_sbrk.o)
 .ARM.attributes
                0x000004e5       0x34 c:/studium/software/mcuxpressoide_11.5.0_7232/ide/plugins/com.nxp.mcuxpresso.tools.win32_11.5.0.202107051138/tools/bin/../lib/gcc/arm-none-eabi/10.3.1/../../../../arm-none-eabi/lib/thumb/v7e-m+fp/hard\libcr_c.a(_deferredlazyseek.o)
 .ARM.attributes
                0x00000519       0x34 c:/studium/software/mcuxpressoide_11.5.0_7232/ide/plugins/com.nxp.mcuxpresso.tools.win32_11.5.0.202107051138/tools/bin/../lib/gcc/arm-none-eabi/10.3.1/../../../../arm-none-eabi/lib/thumb/v7e-m+fp/hard\libcr_c.a(_fdopen.o)
 .ARM.attributes
                0x0000054d       0x34 c:/studium/software/mcuxpressoide_11.5.0_7232/ide/plugins/com.nxp.mcuxpresso.tools.win32_11.5.0.202107051138/tools/bin/../lib/gcc/arm-none-eabi/10.3.1/../../../../arm-none-eabi/lib/thumb/v7e-m+fp/hard\libcr_c.a(_fflush.o)
 .ARM.attributes
                0x00000581       0x34 c:/studium/software/mcuxpressoide_11.5.0_7232/ide/plugins/com.nxp.mcuxpresso.tools.win32_11.5.0.202107051138/tools/bin/../lib/gcc/arm-none-eabi/10.3.1/../../../../arm-none-eabi/lib/thumb/v7e-m+fp/hard\libcr_c.a(_writebuf.o)
 .ARM.attributes
                0x000005b5       0x34 c:/studium/software/mcuxpressoide_11.5.0_7232/ide/plugins/com.nxp.mcuxpresso.tools.win32_11.5.0.202107051138/tools/bin/../lib/gcc/arm-none-eabi/10.3.1/../../../../arm-none-eabi/lib/thumb/v7e-m+fp/hard\libcr_c.a(fclose.o)
 .ARM.attributes
                0x000005e9       0x34 c:/studium/software/mcuxpressoide_11.5.0_7232/ide/plugins/com.nxp.mcuxpresso.tools.win32_11.5.0.202107051138/tools/bin/../lib/gcc/arm-none-eabi/10.3.1/../../../../arm-none-eabi/lib/thumb/v7e-m+fp/hard\libcr_c.a(fflush.o)
 .ARM.attributes
                0x0000061d       0x34 c:/studium/software/mcuxpressoide_11.5.0_7232/ide/plugins/com.nxp.mcuxpresso.tools.win32_11.5.0.202107051138/tools/bin/../lib/gcc/arm-none-eabi/10.3.1/../../../../arm-none-eabi/lib/thumb/v7e-m+fp/hard\libcr_c.a(fseek.o)
 .ARM.attributes
                0x00000651       0x34 c:/studium/software/mcuxpressoide_11.5.0_7232/ide/plugins/com.nxp.mcuxpresso.tools.win32_11.5.0.202107051138/tools/bin/../lib/gcc/arm-none-eabi/10.3.1/../../../../arm-none-eabi/lib/thumb/v7e-m+fp/hard\libcr_c.a(ftell.o)
 .ARM.attributes
                0x00000685       0x34 c:/studium/software/mcuxpressoide_11.5.0_7232/ide/plugins/com.nxp.mcuxpresso.tools.win32_11.5.0.202107051138/tools/bin/../lib/gcc/arm-none-eabi/10.3.1/../../../../arm-none-eabi/lib/thumb/v7e-m+fp/hard\libcr_c.a(remove.o)
 .ARM.attributes
                0x000006b9       0x34 c:/studium/software/mcuxpressoide_11.5.0_7232/ide/plugins/com.nxp.mcuxpresso.tools.win32_11.5.0.202107051138/tools/bin/../lib/gcc/arm-none-eabi/10.3.1/../../../../arm-none-eabi/lib/thumb/v7e-m+fp/hard\libcr_c.a(_cr_check_heap.o)
 .ARM.attributes
                0x000006ed       0x34 c:/studium/software/mcuxpressoide_11.5.0_7232/ide/plugins/com.nxp.mcuxpresso.tools.win32_11.5.0.202107051138/tools/bin/../lib/gcc/arm-none-eabi/10.3.1/../../../../arm-none-eabi/lib/thumb/v7e-m+fp/hard\libcr_c.a(_do_fflush.o)
 .ARM.attributes
                0x00000721       0x20 c:/studium/software/mcuxpressoide_11.5.0_7232/ide/plugins/com.nxp.mcuxpresso.tools.win32_11.5.0.202107051138/tools/bin/../lib/gcc/arm-none-eabi/10.3.1/thumb/v7e-m+fp/hard\libcr_eabihelpers.a(memcpy.o)
 .ARM.attributes
                0x00000741       0x39 c:/studium/software/mcuxpressoide_11.5.0_7232/ide/plugins/com.nxp.mcuxpresso.tools.win32_11.5.0.202107051138/tools/bin/../lib/gcc/arm-none-eabi/10.3.1/../../../../arm-none-eabi/lib/thumb/v7e-m+fp/hard\libcr_semihost_nf.a(__ciob.o)
 .ARM.attributes
                0x0000077a       0x20 c:/studium/software/mcuxpressoide_11.5.0_7232/ide/plugins/com.nxp.mcuxpresso.tools.win32_11.5.0.202107051138/tools/bin/../lib/gcc/arm-none-eabi/10.3.1/../../../../arm-none-eabi/lib/thumb/v7e-m+fp/hard\libcr_semihost_nf.a(__sys_appexit.o)
 .ARM.attributes
                0x0000079a       0x20 c:/studium/software/mcuxpressoide_11.5.0_7232/ide/plugins/com.nxp.mcuxpresso.tools.win32_11.5.0.202107051138/tools/bin/../lib/gcc/arm-none-eabi/10.3.1/../../../../arm-none-eabi/lib/thumb/v7e-m+fp/hard\libcr_semihost_nf.a(__sys_close.o)
 .ARM.attributes
                0x000007ba       0x20 c:/studium/software/mcuxpressoide_11.5.0_7232/ide/plugins/com.nxp.mcuxpresso.tools.win32_11.5.0.202107051138/tools/bin/../lib/gcc/arm-none-eabi/10.3.1/../../../../arm-none-eabi/lib/thumb/v7e-m+fp/hard\libcr_semihost_nf.a(__sys_flen.o)
 .ARM.attributes
                0x000007da       0x20 c:/studium/software/mcuxpressoide_11.5.0_7232/ide/plugins/com.nxp.mcuxpresso.tools.win32_11.5.0.202107051138/tools/bin/../lib/gcc/arm-none-eabi/10.3.1/../../../../arm-none-eabi/lib/thumb/v7e-m+fp/hard\libcr_semihost_nf.a(__sys_istty.o)
 .ARM.attributes
                0x000007fa       0x20 c:/studium/software/mcuxpressoide_11.5.0_7232/ide/plugins/com.nxp.mcuxpresso.tools.win32_11.5.0.202107051138/tools/bin/../lib/gcc/arm-none-eabi/10.3.1/../../../../arm-none-eabi/lib/thumb/v7e-m+fp/hard\libcr_semihost_nf.a(__sys_remove.o)
 .ARM.attributes
                0x0000081a       0x20 c:/studium/software/mcuxpressoide_11.5.0_7232/ide/plugins/com.nxp.mcuxpresso.tools.win32_11.5.0.202107051138/tools/bin/../lib/gcc/arm-none-eabi/10.3.1/../../../../arm-none-eabi/lib/thumb/v7e-m+fp/hard\libcr_semihost_nf.a(__sys_seek.o)
 .ARM.attributes
                0x0000083a       0x20 c:/studium/software/mcuxpressoide_11.5.0_7232/ide/plugins/com.nxp.mcuxpresso.tools.win32_11.5.0.202107051138/tools/bin/../lib/gcc/arm-none-eabi/10.3.1/../../../../arm-none-eabi/lib/thumb/v7e-m+fp/hard\libcr_semihost_nf.a(__sys_tmpnam.o)
 .ARM.attributes
                0x0000085a       0x20 c:/studium/software/mcuxpressoide_11.5.0_7232/ide/plugins/com.nxp.mcuxpresso.tools.win32_11.5.0.202107051138/tools/bin/../lib/gcc/arm-none-eabi/10.3.1/../../../../arm-none-eabi/lib/thumb/v7e-m+fp/hard\libcr_semihost_nf.a(__sys_write.o)

.debug_frame    0x00000000     0x2bc8
 .debug_frame   0x00000000       0x30 ./utilities/fsl_assert.o
 .debug_frame   0x00000030      0x7dc ./startup/startup_mk22f51212.o
 .debug_frame   0x0000080c      0x110 ./source/main.o
 .debug_frame   0x0000091c       0x20 ./source/semihost_hardfault.o
 .debug_frame   0x0000093c      0x8c8 ./drivers/fsl_clock.o
 .debug_frame   0x00001204      0x818 ./drivers/fsl_dspi.o
 .debug_frame   0x00001a1c      0x678 ./drivers/fsl_i2c.o
 .debug_frame   0x00002094      0x24c ./drivers/fsl_smc.o
 .debug_frame   0x000022e0      0x6a4 ./drivers/fsl_uart.o
 .debug_frame   0x00002984       0x74 ./device/system_MK22F51212.o
 .debug_frame   0x000029f8       0x30 ./board/board.o
 .debug_frame   0x00002a28      0x108 ./board/clock_config.o
 .debug_frame   0x00002b30       0x4c ./board/peripherals.o
 .debug_frame   0x00002b7c       0x4c ./board/pin_mux.o

Cross Reference Table

Symbol                                            File
ADC0_DriverIRQHandler                             ./startup/startup_mk22f51212.o
ADC0_IRQHandler                                   ./startup/startup_mk22f51212.o
ADC16_ClearStatusFlags                            ./drivers/fsl_adc16.o
ADC16_Deinit                                      ./drivers/fsl_adc16.o
ADC16_DoAutoCalibration                           ./drivers/fsl_adc16.o
ADC16_GetChannelStatusFlags                       ./drivers/fsl_adc16.o
ADC16_GetDefaultConfig                            ./drivers/fsl_adc16.o
ADC16_GetStatusFlags                              ./drivers/fsl_adc16.o
ADC16_Init                                        ./drivers/fsl_adc16.o
ADC16_SetChannelConfig                            ./drivers/fsl_adc16.o
ADC16_SetChannelMuxMode                           ./drivers/fsl_adc16.o
ADC16_SetHardwareAverage                          ./drivers/fsl_adc16.o
ADC16_SetHardwareCompareConfig                    ./drivers/fsl_adc16.o
ADC1_DriverIRQHandler                             ./startup/startup_mk22f51212.o
ADC1_IRQHandler                                   ./startup/startup_mk22f51212.o
BOARD_BootClockRUN                                ./board/clock_config.o
BOARD_InitBootClocks                              ./board/clock_config.o
                                                  ./source/main.o
BOARD_InitBootPeripherals                         ./board/peripherals.o
                                                  ./source/main.o
BOARD_InitBootPins                                ./board/pin_mux.o
                                                  ./source/main.o
BOARD_InitDebugConsole                            ./board/board.o
                                                  ./source/main.o
BOARD_InitPeripherals                             ./board/peripherals.o
BOARD_InitPins                                    ./board/pin_mux.o
BusFault_Handler                                  ./startup/startup_mk22f51212.o
CLOCK_BootToBlpeMode                              ./drivers/fsl_clock.o
CLOCK_BootToBlpiMode                              ./drivers/fsl_clock.o
CLOCK_BootToFeeMode                               ./drivers/fsl_clock.o
CLOCK_BootToFeiMode                               ./drivers/fsl_clock.o
CLOCK_BootToPeeMode                               ./drivers/fsl_clock.o
                                                  ./board/clock_config.o
CLOCK_CalcPllDiv                                  ./drivers/fsl_clock.o
CLOCK_ClearStatusFlags                            ./drivers/fsl_clock.o
CLOCK_DeinitOsc0                                  ./drivers/fsl_clock.o
CLOCK_EnablePll0                                  ./drivers/fsl_clock.o
CLOCK_EnableUsbfs0Clock                           ./drivers/fsl_clock.o
CLOCK_ExternalModeToFbeModeQuick                  ./drivers/fsl_clock.o
CLOCK_GetBusClkFreq                               ./drivers/fsl_clock.o
CLOCK_GetCoreSysClkFreq                           ./drivers/fsl_clock.o
CLOCK_GetEr32kClkFreq                             ./drivers/fsl_clock.o
CLOCK_GetFixedFreqClkFreq                         ./drivers/fsl_clock.o
CLOCK_GetFlashClkFreq                             ./drivers/fsl_clock.o
CLOCK_GetFlexBusClkFreq                           ./drivers/fsl_clock.o
CLOCK_GetFllFreq                                  ./drivers/fsl_clock.o
CLOCK_GetFreq                                     ./drivers/fsl_clock.o
CLOCK_GetInternalRefClkFreq                       ./drivers/fsl_clock.o
CLOCK_GetMode                                     ./drivers/fsl_clock.o
CLOCK_GetOsc0ErClkDivFreq                         ./drivers/fsl_clock.o
CLOCK_GetOsc0ErClkFreq                            ./drivers/fsl_clock.o
CLOCK_GetOsc0ErClkUndivFreq                       ./drivers/fsl_clock.o
CLOCK_GetOutClkFreq                               ./drivers/fsl_clock.o
CLOCK_GetPlatClkFreq                              ./drivers/fsl_clock.o
CLOCK_GetPll0Freq                                 ./drivers/fsl_clock.o
CLOCK_GetPllFllSelClkFreq                         ./drivers/fsl_clock.o
CLOCK_GetStatusFlags                              ./drivers/fsl_clock.o
CLOCK_InitOsc0                                    ./drivers/fsl_clock.o
                                                  ./board/clock_config.o
CLOCK_InternalModeToFbiModeQuick                  ./drivers/fsl_clock.o
CLOCK_SetBlpeMode                                 ./drivers/fsl_clock.o
CLOCK_SetBlpiMode                                 ./drivers/fsl_clock.o
CLOCK_SetExternalRefClkConfig                     ./drivers/fsl_clock.o
CLOCK_SetFastIrcFreq                              ./drivers/fsl_clock.o
CLOCK_SetFbeMode                                  ./drivers/fsl_clock.o
CLOCK_SetFbiMode                                  ./drivers/fsl_clock.o
CLOCK_SetFeeMode                                  ./drivers/fsl_clock.o
CLOCK_SetFeiMode                                  ./drivers/fsl_clock.o
CLOCK_SetInternalRefClkConfig                     ./drivers/fsl_clock.o
CLOCK_SetMcgConfig                                ./drivers/fsl_clock.o
CLOCK_SetOsc0MonitorMode                          ./drivers/fsl_clock.o
CLOCK_SetPbeMode                                  ./drivers/fsl_clock.o
CLOCK_SetPeeMode                                  ./drivers/fsl_clock.o
CLOCK_SetPll0MonitorMode                          ./drivers/fsl_clock.o
CLOCK_SetRtcOscMonitorMode                        ./drivers/fsl_clock.o
CLOCK_SetSimConfig                                ./drivers/fsl_clock.o
                                                  ./board/clock_config.o
CLOCK_SetSlowIrcFreq                              ./drivers/fsl_clock.o
CLOCK_TrimInternalRefClk                          ./drivers/fsl_clock.o
CMP0_DriverIRQHandler                             ./startup/startup_mk22f51212.o
CMP0_IRQHandler                                   ./startup/startup_mk22f51212.o
CMP1_DriverIRQHandler                             ./startup/startup_mk22f51212.o
CMP1_IRQHandler                                   ./startup/startup_mk22f51212.o
DAC0_DriverIRQHandler                             ./startup/startup_mk22f51212.o
DAC0_IRQHandler                                   ./startup/startup_mk22f51212.o
DAC1_DriverIRQHandler                             ./startup/startup_mk22f51212.o
DAC1_IRQHandler                                   ./startup/startup_mk22f51212.o
DMA0_DriverIRQHandler                             ./startup/startup_mk22f51212.o
DMA0_IRQHandler                                   ./startup/startup_mk22f51212.o
DMA10_DriverIRQHandler                            ./startup/startup_mk22f51212.o
DMA10_IRQHandler                                  ./startup/startup_mk22f51212.o
DMA11_DriverIRQHandler                            ./startup/startup_mk22f51212.o
DMA11_IRQHandler                                  ./startup/startup_mk22f51212.o
DMA12_DriverIRQHandler                            ./startup/startup_mk22f51212.o
DMA12_IRQHandler                                  ./startup/startup_mk22f51212.o
DMA13_DriverIRQHandler                            ./startup/startup_mk22f51212.o
DMA13_IRQHandler                                  ./startup/startup_mk22f51212.o
DMA14_DriverIRQHandler                            ./startup/startup_mk22f51212.o
DMA14_IRQHandler                                  ./startup/startup_mk22f51212.o
DMA15_DriverIRQHandler                            ./startup/startup_mk22f51212.o
DMA15_IRQHandler                                  ./startup/startup_mk22f51212.o
DMA1_DriverIRQHandler                             ./startup/startup_mk22f51212.o
DMA1_IRQHandler                                   ./startup/startup_mk22f51212.o
DMA2_DriverIRQHandler                             ./startup/startup_mk22f51212.o
DMA2_IRQHandler                                   ./startup/startup_mk22f51212.o
DMA3_DriverIRQHandler                             ./startup/startup_mk22f51212.o
DMA3_IRQHandler                                   ./startup/startup_mk22f51212.o
DMA4_DriverIRQHandler                             ./startup/startup_mk22f51212.o
DMA4_IRQHandler                                   ./startup/startup_mk22f51212.o
DMA5_DriverIRQHandler                             ./startup/startup_mk22f51212.o
DMA5_IRQHandler                                   ./startup/startup_mk22f51212.o
DMA6_DriverIRQHandler                             ./startup/startup_mk22f51212.o
DMA6_IRQHandler                                   ./startup/startup_mk22f51212.o
DMA7_DriverIRQHandler                             ./startup/startup_mk22f51212.o
DMA7_IRQHandler                                   ./startup/startup_mk22f51212.o
DMA8_DriverIRQHandler                             ./startup/startup_mk22f51212.o
DMA8_IRQHandler                                   ./startup/startup_mk22f51212.o
DMA9_DriverIRQHandler                             ./startup/startup_mk22f51212.o
DMA9_IRQHandler                                   ./startup/startup_mk22f51212.o
DMA_Error_DriverIRQHandler                        ./startup/startup_mk22f51212.o
DMA_Error_IRQHandler                              ./startup/startup_mk22f51212.o
DSPI_Deinit                                       ./drivers/fsl_dspi.o
DSPI_EnableInterrupts                             ./drivers/fsl_dspi.o
DSPI_GetDefaultDataCommandConfig                  ./drivers/fsl_dspi.o
DSPI_GetDummyDataInstance                         ./drivers/fsl_dspi.o
DSPI_GetInstance                                  ./drivers/fsl_dspi.o
DSPI_MasterGetDefaultConfig                       ./drivers/fsl_dspi.o
DSPI_MasterHalfDuplexTransferBlocking             ./drivers/fsl_dspi.o
DSPI_MasterHalfDuplexTransferNonBlocking          ./drivers/fsl_dspi.o
DSPI_MasterInit                                   ./drivers/fsl_dspi.o
DSPI_MasterSetBaudRate                            ./drivers/fsl_dspi.o
DSPI_MasterSetDelayScaler                         ./drivers/fsl_dspi.o
DSPI_MasterSetDelayTimes                          ./drivers/fsl_dspi.o
DSPI_MasterTransferAbort                          ./drivers/fsl_dspi.o
DSPI_MasterTransferBlocking                       ./drivers/fsl_dspi.o
DSPI_MasterTransferCreateHandle                   ./drivers/fsl_dspi.o
DSPI_MasterTransferGetCount                       ./drivers/fsl_dspi.o
DSPI_MasterTransferHandleIRQ                      ./drivers/fsl_dspi.o
DSPI_MasterTransferNonBlocking                    ./drivers/fsl_dspi.o
DSPI_MasterWriteCommandDataBlocking               ./drivers/fsl_dspi.o
DSPI_MasterWriteDataBlocking                      ./drivers/fsl_dspi.o
DSPI_SetDummyData                                 ./drivers/fsl_dspi.o
DSPI_SlaveGetDefaultConfig                        ./drivers/fsl_dspi.o
DSPI_SlaveInit                                    ./drivers/fsl_dspi.o
DSPI_SlaveTransferAbort                           ./drivers/fsl_dspi.o
DSPI_SlaveTransferCreateHandle                    ./drivers/fsl_dspi.o
DSPI_SlaveTransferGetCount                        ./drivers/fsl_dspi.o
DSPI_SlaveTransferHandleIRQ                       ./drivers/fsl_dspi.o
DSPI_SlaveTransferNonBlocking                     ./drivers/fsl_dspi.o
DSPI_SlaveWriteDataBlocking                       ./drivers/fsl_dspi.o
DbgConsole_ReadCharacter                          ./utilities/fsl_debug_console.o
DbgConsole_ReadLine                               ./utilities/fsl_debug_console.o
DbgConsole_ReadOneCharacter                       ./utilities/fsl_debug_console.o
DbgConsole_SendData                               ./utilities/fsl_debug_console.o
DbgConsole_SendDataReliable                       ./utilities/fsl_debug_console.o
DebugMon_Handler                                  ./startup/startup_mk22f51212.o
FTF_DriverIRQHandler                              ./startup/startup_mk22f51212.o
FTF_IRQHandler                                    ./startup/startup_mk22f51212.o
FTM0_DriverIRQHandler                             ./startup/startup_mk22f51212.o
FTM0_IRQHandler                                   ./startup/startup_mk22f51212.o
FTM1_DriverIRQHandler                             ./startup/startup_mk22f51212.o
FTM1_IRQHandler                                   ./startup/startup_mk22f51212.o
FTM2_DriverIRQHandler                             ./startup/startup_mk22f51212.o
FTM2_IRQHandler                                   ./startup/startup_mk22f51212.o
FTM3_DriverIRQHandler                             ./startup/startup_mk22f51212.o
FTM3_IRQHandler                                   ./source/main.o
                                                  ./startup/startup_mk22f51212.o
Flash_Config                                      ./startup/startup_mk22f51212.o
GPIO_PinInit                                      ./drivers/fsl_gpio.o
GPIO_PortClearInterruptFlags                      ./drivers/fsl_gpio.o
GPIO_PortGetInterruptFlags                        ./drivers/fsl_gpio.o
HAL_UartDeinit                                    ./component/uart/fsl_adapter_uart.o
                                                  ./component/serial_manager/fsl_component_serial_port_uart.o
HAL_UartEnterLowpower                             ./component/uart/fsl_adapter_uart.o
                                                  ./component/serial_manager/fsl_component_serial_port_uart.o
HAL_UartExitLowpower                              ./component/uart/fsl_adapter_uart.o
                                                  ./component/serial_manager/fsl_component_serial_port_uart.o
HAL_UartInit                                      ./component/uart/fsl_adapter_uart.o
                                                  ./component/serial_manager/fsl_component_serial_port_uart.o
HAL_UartReceiveBlocking                           ./component/uart/fsl_adapter_uart.o
                                                  ./component/serial_manager/fsl_component_serial_port_uart.o
HAL_UartSendBlocking                              ./component/uart/fsl_adapter_uart.o
                                                  ./component/serial_manager/fsl_component_serial_port_uart.o
HardFault_Handler                                 ./source/semihost_hardfault.o
                                                  ./startup/startup_mk22f51212.o
I2C0_DriverIRQHandler                             ./drivers/fsl_i2c.o
                                                  ./startup/startup_mk22f51212.o
I2C0_IRQHandler                                   ./startup/startup_mk22f51212.o
I2C1_DriverIRQHandler                             ./drivers/fsl_i2c.o
                                                  ./startup/startup_mk22f51212.o
I2C1_IRQHandler                                   ./startup/startup_mk22f51212.o
I2C_DisableInterrupts                             ./drivers/fsl_i2c.o
I2C_EnableInterrupts                              ./drivers/fsl_i2c.o
I2C_GetInstance                                   ./drivers/fsl_i2c.o
I2C_MasterDeinit                                  ./drivers/fsl_i2c.o
I2C_MasterGetDefaultConfig                        ./drivers/fsl_i2c.o
I2C_MasterGetStatusFlags                          ./drivers/fsl_i2c.o
I2C_MasterInit                                    ./drivers/fsl_i2c.o
I2C_MasterReadBlocking                            ./drivers/fsl_i2c.o
I2C_MasterRepeatedStart                           ./drivers/fsl_i2c.o
I2C_MasterSetBaudRate                             ./drivers/fsl_i2c.o
I2C_MasterStart                                   ./drivers/fsl_i2c.o
I2C_MasterStop                                    ./drivers/fsl_i2c.o
I2C_MasterTransferAbort                           ./drivers/fsl_i2c.o
I2C_MasterTransferBlocking                        ./drivers/fsl_i2c.o
I2C_MasterTransferCreateHandle                    ./drivers/fsl_i2c.o
I2C_MasterTransferGetCount                        ./drivers/fsl_i2c.o
I2C_MasterTransferHandleIRQ                       ./drivers/fsl_i2c.o
I2C_MasterTransferNonBlocking                     ./drivers/fsl_i2c.o
I2C_MasterWriteBlocking                           ./drivers/fsl_i2c.o
I2C_SlaveDeinit                                   ./drivers/fsl_i2c.o
I2C_SlaveGetDefaultConfig                         ./drivers/fsl_i2c.o
I2C_SlaveInit                                     ./drivers/fsl_i2c.o
I2C_SlaveReadBlocking                             ./drivers/fsl_i2c.o
I2C_SlaveTransferAbort                            ./drivers/fsl_i2c.o